196.27.58.87 - 0000339 [05/Oct/2020:10:33:19 -0800] "GET /themes/acme_com/scripts/sifr3/sifr-debug.js HTTP/1.1" 200 1418 "http://www.linuxquestions.org/questions/linux-newbie-8/multiple-questions...-609352/page2.html" "Mozilla/4.0 (compatible; MSIE 7.0; Windows NT 5.1; .NET CLR 1.1.4322)" "196.27.58.87.6087629394390159"
208.199.99.194 - 0000340 [05/Oct/2020:10:33:19 -0800] "GET /web_assets/flash/runner/Letterboard_A_1.swf HTTP/1.1" 200 - "http://it.slashdot.org/comments.pl?sid=402910&threshold=1&commentsort=0&mode=thread&pid=21880182" "Mozilla/5.0 (Windows; U; Windows NT 5.1; en-US; rv:1.8.1.9) Gecko/20071025 Firefox/2.0.0.9" "208.199.99.194.6087629394390157"
109.145.226.110 - 0000341 [05/Oct/2020:10:33:19 -0800] "GET /themes/acme_com/img/screenshots/btn_close_hi.gif HTTP/1.1" 200 74 "http://www.acme.com/index.php/landing" "Mozilla/5.0 (X11; U; Linux i686; en-US; rv:1.8.1.11) Gecko/20071128 SeaMonkey/1.1.7" "109.145.226.110.6087629394390151"
109.145.226.110 - 0000342 [05/Oct/2020:10:33:19 -0800] "GET /themes/acme_com/scripts/sifr3/25455.swf HTTP/1.1" 302 - "http://www.acme.com/index.php/landing" "Mozilla/5.0 (X11; U; Linux i686; en-US; rv:1.8.1.11) Gecko/20071128 SeaMonkey/1.1.7" "109.145.226.110.6087629394390151"
110.75.193.204 - 0000343 [05/Oct/2020:10:33:19 -0800] "GET /themes/acme_com/scripts/sifr3/23965.swf HTTP/1.1" 200 9562 "http://www.acme.com/index.php/landing" "Mozilla/5.0 (X11; U; Linux i686; en-US; rv:1.8.0.12) Gecko/20070530 Fedora/1.5.0.12-1.fc5 Firefox/1.5.0.12" "110.75.193.204.6087629394390093"
109.145.226.110 - 0000344 [05/Oct/2020:10:33:19 -0800] "GET /themes/acme_com/scripts/sifr3/5660.swf HTTP/1.1" 200 7279 "http://www.acme.com/index.php/landing" "Mozilla/5.0 (X11; U; Linux i686; en-US; rv:1.8.1.11) Gecko/20071128 SeaMonkey/1.1.7" "109.145.226.110.6087629394390151"
109.145.226.110 - 0000345 [05/Oct/2020:10:33:19 -0800] "GET /img/skins/white/num_01.gif HTTP/1.1" 200 9553 "http://www.acme.com/index.php/landing" "Mozilla/5.0 (X11; U; Linux i686; en-US; rv:1.8.1.11) Gecko/20071128 SeaMonkey/1.1.7" "109.145.226.110.6087629394390151"
110.75.193.204 - 0000346 [05/Oct/2020:10:33:19 -0800] "GET /img/skins/white/bg_photoLeft.gif HTTP/1.1" 200 - "http://www.acme.com/index.php/landing" "Mozilla/5.0 (X11; U; Linux i686; en-US; rv:1.8.0.12) Gecko/20070530 Fedora/1.5.0.12-1.fc5 Firefox/1.5.0.12" "110.75.193.204.6087629394390093"
109.145.226.110 - 0000347 [05/Oct/2020:10:33:19 -0800] "GET /themes/acme_com/scripts/sifr3/12791.swf HTTP/1.1" 200 7279 "http://www.acme.com/index.php/landing" "Mozilla/5.0 (X11; U; Linux i686; en-US; rv:1.8.1.11) Gecko/20071128 SeaMonkey/1.1.7" "109.145.226.110.6087629394390151"
110.75.193.204 - 0000348 [05/Oct/2020:10:33:19 -0800] "GET /img/skins/white/bg_header.gif HTTP/1.1" 200 9556 "http://www.acme.com/index.php/landing" "Mozilla/5.0 (X11; U; Linux i686; en-US; rv:1.8.0.12) Gecko/20070530 Fedora/1.5.0.12-1.fc5 Firefox/1.5.0.12" "110.75.193.204.6087629394390093"
193.23.148.91 - 0000349 [05/Oct/2020:10:33:19 -0800] "GET /kwargs.css HTTP/1.1" 200 9537 "http://www.acme.com/" "Mozilla/5.0 (Macintosh; U; Intel Mac OS X; en-us) AppleWebKit/523.10.3 (KHTML, like Gecko) Version/3.0.4 Safari/523.10" "193.23.148.91.6087629394390124"
109.145.226.110 - 0000350 [05/Oct/2020:10:33:19 -0800] "GET /themes/acme_com/scripts/js/flash_detect_min.js HTTP/1.1" 200 - "http://www.acme.com/index.php/landing" "Mozilla/5.0 (X11; U; Linux i686; en-US; rv:1.8.1.11) Gecko/20071128 SeaMonkey/1.1.7" "109.145.226.110.6087629394390151"
109.145.226.110 - 0000351 [05/Oct/2020:10:33:19 -0800] "GET /img/skins/white/mantras/mantra_1.gif HTTP/1.1" 200 9563 "http://www.acme.com/index.php/landing" "Mozilla/5.0 (X11; U; Linux i686; en-US; rv:1.8.1.11) Gecko/20071128 SeaMonkey/1.1.7" "109.145.226.110.6087629394390151"
109.145.226.110 - 0000352 [05/Oct/2020:10:33:19 -0800] "GET /img/skins/white/mantras/mantra_2.gif HTTP/1.1" 200 9563 "http://www.acme.com/index.php/landing" "Mozilla/5.0 (X11; U; Linux i686; en-US; rv:1.8.1.11) Gecko/20071128 SeaMonkey/1.1.7" "109.145.226.110.6087629394390151"
109.145.226.110 - 0000353 [05/Oct/2020:10:33:19 -0800] "GET /img/skins/white/num_02.gif HTTP/1.1" 200 9553 "http://www.acme.com/index.php/landing" "Mozilla/5.0 (X11; U; Linux i686; en-US; rv:1.8.1.11) Gecko/20071128 SeaMonkey/1.1.7" "109.145.226.110.6087629394390151"
78.117.95.89 - 0000354 [05/Oct/2020:10:33:20 -0800] "GET / HTTP/1.1" 200 26067 "-" "Mozilla/4.0 (compatible; MSIE 7.0; Windows NT 5.1)" "78.117.95.89.6087629394390163"
78.117.95.89 - 0000355 [05/Oct/2020:10:33:20 -0800] "GET /web_assets/images/products/contentModule/blank.gif HTTP/1.1" 200 49 "http://www.acme.com/" "Mozilla/4.0 (compatible; MSIE 7.0; Windows NT 5.1)" "78.117.95.89.6087629394390163"
136.252.168.143 - 0000356 [05/Oct/2020:10:33:20 -0800] "GET /themes/acme_com/scripts/sifr3/sifr-debug.js HTTP/1.1" 200 1418 "http://www.acmebase.com/answers/Networking/VoIP_Topics/VoIP_Servers/Cisco_Unified_Communications_Manager/answers:4bwat8e/how-do-i-configure-time-synchronization-for-cisco" "Mozilla/4.0 (compatible; MSIE 7.0; Windows NT 5.1; .NET CLR 2.0.50727; .NET CLR 1.1.4322)" "136.252.168.143.6087629394390165"
135.172.122.1 - 0000357 [05/Oct/2020:10:33:20 -0800] "HEAD /themes/acme_com/scripts/sifr3/sIFR-print.css HTTP/1.1" 200 - "http://sourceforge.net/index.php" "Mozilla/5.0 (Macintosh; U; Intel Mac OS X; en-us) AppleWebKit/523.10.5 (KHTML, like Gecko) Version/3.0.4 Safari/523.10.6" "135.172.122.1.6087629394390168"
170.123.202.82 - 0000358 [05/Oct/2020:10:33:20 -0800] "GET /web_assets/flash/runner/Imagine_Leaderboard.swf HTTP/1.1" 200 193187 "http://www.linuxquestions.org/" "Mozilla/5.0 (Windows; U; Windows NT 5.0; de; rv:1.8.1.8) Gecko/20071008 Firefox/2.0.0.8" "170.123.202.82.6087629394390164"
63.197.232.242 - 0000359 [05/Oct/2020:10:33:20 -0800] "GET /web_assets/flash/runner/Leaderboard2_v04.swf HTTP/1.1" 200 107428 "http://www.acme.com/index.php/landing?ac=ostg-cpd" "Mozilla/5.0 (Windows; U; Windows NT 5.1; en-US; rv:1.8.1.11) Gecko/20071127 Firefox/2.0.0.11" "63.197.232.242.6087629394390167"
138.240.224.118 - 0000360 [05/Oct/2020:10:33:20 -0800] "GET /themes/acme_com/img/skins/white/mantras/mantra_2.gif HTTP/1.1" 200 801 "http://www.linuxdevcenter.com/linux/cmd/cmd.csp?path=q/quotaoff" "Mozilla/5.0 (Windows; U; Windows NT 6.0; en-GB; rv:1.8.1.9) Gecko/20071025 Firefox/2.0.0.9" "138.240.224.118.6087629394390166"
167.144.199.198 - 0000361 [05/Oct/2020:10:33:20 -0800] "GET /web_assets/flash/runner/Imagine_Skyscraper.swf HTTP/1.1" 200 204953 "-" "Mozilla/5.0 (Windows; U; Windows NT 6.0; en-US; rv:1.8.1.11) Gecko/20071127 Firefox/2.0.0.11" "167.144.199.198.6087629394390162"
248.221.220.170 - 0000362 [05/Oct/2020:10:33:20 -0800] "GET /static/css/acmebase.css HTTP/1.1" 404 - "http://www.acme.com/index.php/sso_checker" "Mozilla/4.0 (compatible; MSIE 7.0; Windows NT 6.0; SLCC1; .NET CLR 2.0.50727; Media Center PC 5.0; .NET CLR 3.0.04506; InfoPath.2)" "248.221.220.170.6087629394390100"
109.145.226.110 - 0000363 [05/Oct/2020:10:33:20 -0800] "GET /themes/acme_com/scripts/js/flash_tml_min.js HTTP/1.1" 200 - "http://www.acme.com/index.php/landing" "Mozilla/5.0 (X11; U; Linux i686; en-US; rv:1.8.1.11) Gecko/20071128 SeaMonkey/1.1.7" "109.145.226.110.6087629394390151"
110.75.193.204 - 0000364 [05/Oct/2020:10:33:20 -0800] "GET /index.php/kwargs.css HTTP/1.1" 200 7273 "http://www.acme.com/index.php/landing" "Mozilla/5.0 (X11; U; Linux i686; en-US; rv:1.8.0.12) Gecko/20070530 Fedora/1.5.0.12-1.fc5 Firefox/1.5.0.12" "110.75.193.204.6087629394390093"
110.75.193.204 - 0000365 [05/Oct/2020:10:33:20 -0800] "GET /img/skins/white/icon_podcast.gif HTTP/1.1" 200 9559 "http://www.acme.com/index.php/landing" "Mozilla/5.0 (X11; U; Linux i686; en-US; rv:1.8.0.12) Gecko/20070530 Fedora/1.5.0.12-1.fc5 Firefox/1.5.0.12" "110.75.193.204.6087629394390093"
110.75.193.204 - 0000366 [05/Oct/2020:10:33:20 -0800] "GET /img/skins/white/mantras/mantra_6.gif HTTP/1.1" 200 - "http://www.acme.com/index.php/landing" "Mozilla/5.0 (X11; U; Linux i686; en-US; rv:1.8.0.12) Gecko/20070530 Fedora/1.5.0.12-1.fc5 Firefox/1.5.0.12" "110.75.193.204.6087629394390093"
109.145.226.110 - 0000367 [05/Oct/2020:10:33:20 -0800] "GET /themes/acme_com/img/skins/white/bg_tripane.gif HTTP/1.1" 200 18290 "http://www.acme.com/index.php/landing" "Mozilla/5.0 (X11; U; Linux i686; en-US; rv:1.8.1.11) Gecko/20071128 SeaMonkey/1.1.7" "109.145.226.110.6087629394390151"
109.145.226.110 - 0000368 [05/Oct/2020:10:33:20 -0800] "GET /themes/acme_com/scripts/sifr3/6582.swf HTTP/1.1" 200 9566 "http://www.acme.com/index.php/landing" "Mozilla/5.0 (X11; U; Linux i686; en-US; rv:1.8.1.11) Gecko/20071128 SeaMonkey/1.1.7" "109.145.226.110.6087629394390151"
109.145.226.110 - 0000369 [05/Oct/2020:10:33:20 -0800] "GET /img/skins/white/mantras/mantra_4.gif HTTP/1.1" 200 9563 "http://www.acme.com/index.php/landing" "Mozilla/5.0 (X11; U; Linux i686; en-US; rv:1.8.1.11) Gecko/20071128 SeaMonkey/1.1.7" "109.145.226.110.6087629394390151"
110.75.193.204 - 0000370 [05/Oct/2020:10:33:20 -0800] "GET /themes/acme_com/scripts/sifr3/8623.swf HTTP/1.1" 200 - "http://www.acme.com/index.php/landing" "Mozilla/5.0 (X11; U; Linux i686; en-US; rv:1.8.0.12) Gecko/20070530 Fedora/1.5.0.12-1.fc5 Firefox/1.5.0.12" "110.75.193.204.6087629394390093"
109.145.226.110 - 0000371 [05/Oct/2020:10:33:20 -0800] "GET /themes/acme_com/scripts/sifr3/21953.swf HTTP/1.1" 200 - "http://www.acme.com/index.php/landing" "Mozilla/5.0 (X11; U; Linux i686; en-US; rv:1.8.1.11) Gecko/20071128 SeaMonkey/1.1.7" "109.145.226.110.6087629394390151"
109.145.226.110 - 0000372 [05/Oct/2020:10:33:20 -0800] "GET /img/skins/white/mantras/mantra_3.gif HTTP/1.1" 200 9563 "http://www.acme.com/index.php/landing" "Mozilla/5.0 (X11; U; Linux i686; en-US; rv:1.8.1.11) Gecko/20071128 SeaMonkey/1.1.7" "109.145.226.110.6087629394390151"
109.145.226.110 - 0000373 [05/Oct/2020:10:33:20 -0800] "GET /img/skins/white/num_03.gif HTTP/1.1" 200 9553 "http://www.acme.com/index.php/landing" "Mozilla/5.0 (X11; U; Linux i686; en-US; rv:1.8.1.11) Gecko/20071128 SeaMonkey/1.1.7" "109.145.226.110.6087629394390151"
78.117.95.89 - 0000374 [05/Oct/2020:10:33:20 -0800] "GET /themes/acme_com/scripts/js/+sfgRmluamFuX1R5cGU9amF2YV9zY3JpcHQmRmluamFuX0xhbmc9dGV4dC9qYXZhc2NyaXB0+/flash_detect_min.js HTTP/1.1" 200 9652 "http://www.acme.com/" "Mozilla/4.0 (compatible; MSIE 7.0; Windows NT 5.1)" "78.117.95.89.6087629394390163"
78.117.95.89 - 0000375 [05/Oct/2020:10:33:20 -0800] "GET /themes/acme_com/scripts/js/+sfgRmluamFuX1R5cGU9amF2YV9zY3JpcHQmRmluamFuX0xhbmc9dGV4dC9qYXZhc2NyaXB0+/flash_tml_min.js HTTP/1.1" 200 9649 "http://www.acme.com/" "Mozilla/4.0 (compatible; MSIE 7.0; Windows NT 5.1)" "78.117.95.89.6087629394390163"
109.145.226.110 - 0000376 [05/Oct/2020:10:33:20 -0800] "GET /themes/acme_com/scripts/sifr3/24601.swf HTTP/1.1" 200 7279 "http://www.acme.com/index.php/landing" "Mozilla/5.0 (X11; U; Linux i686; en-US; rv:1.8.1.11) Gecko/20071128 SeaMonkey/1.1.7" "109.145.226.110.6087629394390151"
78.117.95.89 - 0000377 [05/Oct/2020:10:33:20 -0800] "GET /themes/acme_com/scripts/sifr3/+sfgRmluamFuX1R5cGU9amF2YV9zY3JpcHQmRmluamFuX0xhbmc9dGV4dC9qYXZhc2NyaXB0+/sifr.js HTTP/1.1" 200 9643 "http://www.acme.com/" "Mozilla/4.0 (compatible; MSIE 7.0; Windows NT 5.1)" "78.117.95.89.6087629394390163"
78.117.95.89 - 0000378 [05/Oct/2020:10:33:20 -0800] "GET /etc/+sfgRmluamFuX1R5cGU9amF2YV9zY3JpcHQmRmluamFuX0xhbmc9dGV4dC9qYXZhc2NyaXB0+/prototype.js HTTP/1.1" 200 - "http://www.acme.com/" "Mozilla/4.0 (compatible; MSIE 7.0; Windows NT 5.1)" "78.117.95.89.6087629394390163"
156.118.174.191 - 0000379 [05/Oct/2020:10:33:21 -0800] "GET /web_assets/flash/runner/Letterboard_A_1.swf HTTP/1.1" 200 14140 "http://sourceforge.net/search/?words=helpdesk+workflow&sort=score&sortdir=desc&offset=30&type_of_search=soft&pmode=0" "Mozilla/4.0 (compatible; MSIE 6.0; Windows NT 5.1; SV1; Foxy/1; Foxy/1; .NET CLR 1.1.4322)" "156.118.174.191.6087629394390172"
240.80.172.42 - 0000380 [05/Oct/2020:10:33:21 -0800] "GET /cave/narc.php HTTP/1.1" 200 394 "http://www.acme.com/index.php/landing?ac=ostg-cpd" "Mozilla/5.0 (Macintosh; U; PPC Mac OS X; fr-fr) AppleWebKit/312.9 (KHTML, like Gecko) Safari/312.6" "240.80.172.42.6087629394390173"
102.37.253.170 - 0000381 [05/Oct/2020:10:33:21 -0800] "GET /web_assets/flash/runner/Leaderboard2_v04.swf HTTP/1.1" 200 - "http://slashdot.org/" "Mozilla/5.0 (Windows; U; Windows NT 5.0; en-US; rv:1.8.1.11) Gecko/20071127 Firefox/2.0.0.11" "102.37.253.170.6087629394390171"
186.74.85.216 - 0000382 [05/Oct/2020:10:33:21 -0800] "GET /web_assets/flash/runner/DJ_01a_Juniper_Leaderboard.swf HTTP/1.1" 200 38492 "http://sourceforge.net/search/?words=powerpoint+to+flash&type_of_search=soft&pmode=0&words=powerpoint+flash+converter&Search=Search" "Mozilla/5.0 (Windows; U; Windows NT 5.1; en-GB; rv:1.8.1.11) Gecko/20071127 Firefox/2.0.0.11" "186.74.85.216.6087629394390170"
137.84.128.150 - 0000383 [05/Oct/2020:10:33:21 -0800] "GET /web_assets/flash/runner/Imagine_Skyscraper.swf HTTP/1.1" 200 204953 "http://www.linuxdevcenter.com/linux/cmd/" "Opera/9.25 (Windows NT 6.0; U; en)" "137.84.128.150.6087629394390169"
78.117.95.89 - 0000384 [05/Oct/2020:10:33:21 -0800] "GET /img/bg_grid.gif HTTP/1.1" 200 9542 "http://www.acme.com/" "Mozilla/4.0 (compatible; MSIE 7.0; Windows NT 5.1)" "78.117.95.89.6087629394390163"
109.145.226.110 - 0000385 [05/Oct/2020:10:33:21 -0800] "GET /img/skins/white/btn/btn_download.gif HTTP/1.1" 200 9563 "http://www.acme.com/index.php/landing" "Mozilla/5.0 (X11; U; Linux i686; en-US; rv:1.8.1.11) Gecko/20071128 SeaMonkey/1.1.7" "109.145.226.110.6087629394390151"
110.75.193.204 - 0000386 [05/Oct/2020:10:33:21 -0800] "GET /themes/acme_com/scripts/sifr3/10854.swf HTTP/1.1" 200 9568 "http://www.acme.com/index.php/landing" "Mozilla/5.0 (X11; U; Linux i686; en-US; rv:1.8.0.12) Gecko/20070530 Fedora/1.5.0.12-1.fc5 Firefox/1.5.0.12" "110.75.193.204.6087629394390093"
110.75.193.204 - 0000387 [05/Oct/2020:10:33:21 -0800] "GET /themes/acme_com/scripts/sifr3/258.swf HTTP/1.1" 200 7277 "http://www.acme.com/index.php/landing" "Mozilla/5.0 (X11; U; Linux i686; en-US; rv:1.8.0.12) Gecko/20070530 Fedora/1.5.0.12-1.fc5 Firefox/1.5.0.12" "110.75.193.204.6087629394390093"
78.117.95.89 - 0000388 [05/Oct/2020:10:33:21 -0800] "GET /themes/acme_com/img/screenshots/btn_close_hi.gif HTTP/1.1" 200 74 "http://www.acme.com/" "Mozilla/4.0 (compatible; MSIE 7.0; Windows NT 5.1)" "78.117.95.89.6087629394390163"
110.75.193.204 - 0000389 [05/Oct/2020:10:33:21 -0800] "GET /themes/acme_com/scripts/sifr3/31700.swf HTTP/1.1" 200 9568 "http://www.acme.com/index.php/landing" "Mozilla/5.0 (X11; U; Linux i686; en-US; rv:1.8.0.12) Gecko/20070530 Fedora/1.5.0.12-1.fc5 Firefox/1.5.0.12" "110.75.193.204.6087629394390093"
78.117.95.89 - 0000390 [05/Oct/2020:10:33:21 -0800] "GET /img/skins/white/num_03.gif HTTP/1.1" 200 9553 "http://www.acme.com/" "Mozilla/4.0 (compatible; MSIE 7.0; Windows NT 5.1)" "78.117.95.89.6087629394390163"
109.145.226.110 - 0000391 [05/Oct/2020:10:33:21 -0800] "GET /themes/acme_com/scripts/sifr3/3476.swf HTTP/1.1" 200 7279 "http://www.acme.com/index.php/landing" "Mozilla/5.0 (X11; U; Linux i686; en-US; rv:1.8.1.11) Gecko/20071128 SeaMonkey/1.1.7" "109.145.226.110.6087629394390151"
78.117.95.89 - 0000392 [05/Oct/2020:10:33:21 -0800] "GET /img/skins/white/num_04.gif HTTP/1.1" 200 - "http://www.acme.com/" "Mozilla/4.0 (compatible; MSIE 7.0; Windows NT 5.1)" "78.117.95.89.6087629394390163"
78.117.95.89 - 0000393 [05/Oct/2020:10:33:21 -0800] "GET /themes/acme_com/img/skins/white/logos/downloads/aix.jpg HTTP/1.1" 200 3533 "http://www.acme.com/" "Mozilla/4.0 (compatible; MSIE 7.0; Windows NT 5.1)" "78.117.95.89.6087629394390163"
78.117.95.89 - 0000394 [05/Oct/2020:10:33:21 -0800] "GET /themes/acme_com/img/icon_checkbox.gif HTTP/1.1" 200 - "http://www.acme.com/" "Mozilla/4.0 (compatible; MSIE 7.0; Windows NT 5.1)" "78.117.95.89.6087629394390163"
78.117.95.89 - 0000395 [05/Oct/2020:10:33:21 -0800] "GET /images/bullet_image.gif HTTP/1.1" 200 60 "http://www.acme.com/" "Mozilla/4.0 (compatible; MSIE 7.0; Windows NT 5.1)" "78.117.95.89.6087629394390163"
109.145.226.110 - 0000396 [05/Oct/2020:10:33:21 -0800] "GET /themes/acme_com/scripts/sifr3/32522.swf HTTP/1.1" 302 - "http://www.acme.com/index.php/landing" "Mozilla/5.0 (X11; U; Linux i686; en-US; rv:1.8.1.11) Gecko/20071128 SeaMonkey/1.1.7" "109.145.226.110.6087629394390151"
109.145.226.110 - 0000397 [05/Oct/2020:10:33:21 -0800] "GET /img/skins/white/bg_photoLeft_selected.gif HTTP/1.1" 200 9568 "http://www.acme.com/index.php/landing" "Mozilla/5.0 (X11; U; Linux i686; en-US; rv:1.8.1.11) Gecko/20071128 SeaMonkey/1.1.7" "109.145.226.110.6087629394390151"
78.117.95.89 - 0000398 [05/Oct/2020:10:33:21 -0800] "GET /themes/acme_com/img/skins/white/store/step1.gif HTTP/1.1" 200 3187 "http://www.acme.com/" "Mozilla/4.0 (compatible; MSIE 7.0; Windows NT 5.1)" "78.117.95.89.6087629394390163"
210.115.36.217 - 0000399 [05/Oct/2020:10:33:22 -0800] "HEAD /web_assets/flash/runner/DJ_01a_Juniper_Leaderboard.swf HTTP/1.1" 200 - "http://slashdot.org/article.pl?sid=08/01/13/2140226" "Mozilla/4.0 (compatible; MSIE 5.5; Windows 98; Win 9x 4.90)" "210.115.36.217.6087629394390175"
91.69.239.95 - 0000400 [05/Oct/2020:10:33:22 -0800] "GET /web_assets/flash/runner/Leaderboard1_v04.swf HTTP/1.1" 200 - "http://www.acme.com/index.php/landing?ac=ostg-cpd" "Mozilla/4.0 (compatible; MSIE 7.0; Windows NT 5.1; .NET CLR 1.1.4322; .NET CLR 2.0.50727)" "91.69.239.95.6087629394390176"
29.57.86.221 - 0000401 [05/Oct/2020:10:33:22 -0800] "HEAD /web_assets/flash/runner/Ethan_Leaderboard_01_a.swf HTTP/1.1" 200 - "http://slashdot.org/" "Mozilla/4.0 (compatible; MSIE 7.0; Windows NT 5.1; .NET CLR 2.0.50727; InfoPath.1)" "29.57.86.221.6087629394390174"
153.94.36.223 - 0000402 [05/Oct/2020:10:33:22 -0800] "GET /themes/acme_com/css/main.css HTTP/1.1" 302 - "http://www.onlamp.com/pub/a/bsd/2007/09/27/subversion-for-bsd-with-all-the-bells-and-whistles.html?page=2" "Mozilla/5.0 (Windows; U; Windows NT 5.1; en-US; rv:1.8.1.11) Gecko/20071127 Firefox/2.0.0.11" "153.94.36.223.6087629394390177"
138.95.195.211 - 0000403 [05/Oct/2020:10:33:22 -0800] "GET /web_assets/flash/runner/Ethan_Leaderboard_01_a.swf HTTP/1.1" 200 24659 "http://sourceforge.net/project/downloading.php?groupname=guliverkli&filename=matroskasplitter_20040311.zip&use_mirror=garr" "Mozilla/5.0 (Windows; U; Windows NT 6.0; en-US; rv:1.8.1.9) Gecko/20071025 Firefox/2.0.0.9" "138.95.195.211.6087629394390178"
109.145.226.110 - 0000404 [05/Oct/2020:10:33:22 -0800] "GET /img/skins/white/mantras/mantra_7.gif HTTP/1.1" 200 9563 "http://www.acme.com/index.php/landing" "Mozilla/5.0 (X11; U; Linux i686; en-US; rv:1.8.1.11) Gecko/20071128 SeaMonkey/1.1.7" "109.145.226.110.6087629394390151"
248.221.220.170 - 0000405 [05/Oct/2020:10:33:22 -0800] "GET /static/js/acmebase.js HTTP/1.1" 200 9550 "http://www.acme.com/index.php/sso_checker" "Mozilla/4.0 (compatible; MSIE 7.0; Windows NT 6.0; SLCC1; .NET CLR 2.0.50727; Media Center PC 5.0; .NET CLR 3.0.04506; InfoPath.2)" "248.221.220.170.6087629394390100"
109.145.226.110 - 0000406 [05/Oct/2020:10:33:22 -0800] "GET /images/ico_plus_beige_12.png HTTP/1.1" 200 9555 "http://www.acme.com/index.php/landing" "Mozilla/5.0 (X11; U; Linux i686; en-US; rv:1.8.1.11) Gecko/20071128 SeaMonkey/1.1.7" "109.145.226.110.6087629394390151"
78.117.95.89 - 0000407 [05/Oct/2020:10:33:22 -0800] "GET /web_assets/images/products/contentModule/scale_IT.png HTTP/1.1" 200 5344 "http://www.acme.com/" "Mozilla/4.0 (compatible; MSIE 7.0; Windows NT 5.1)" "78.117.95.89.6087629394390163"
177.215.188.27 - 0000408 [05/Oct/2020:10:33:22 -0800] "GET /themes/acme_com/img/skins/white/solutions/photos/solutions_compliance.png HTTP/1.1" 200 19306 "http://www.acme.com/" "Mozilla/4.0 (compatible; MSIE 6.0; Windows NT 5.1; SV1)" "177.215.188.27.6087629394390062"
177.215.188.27 - 0000409 [05/Oct/2020:10:33:22 -0800] "GET /rearden.gif HTTP/1.1" 200 9538 "http://www.acme.com/" "Mozilla/4.0 (compatible; MSIE 6.0; Windows NT 5.1; SV1)" "177.215.188.27.6087629394390062"
109.145.226.110 - 0000410 [05/Oct/2020:10:33:22 -0800] "GET /web_assets/images/icons/icon_video.gif HTTP/1.1" 200 318 "http://www.acme.com/index.php/landing" "Mozilla/5.0 (X11; U; Linux i686; en-US; rv:1.8.1.11) Gecko/20071128 SeaMonkey/1.1.7" "109.145.226.110.6087629394390151"
193.23.148.91 - 0000411 [05/Oct/2020:10:33:22 -0800] "GET /web_assets/flash/solutions/Security_Data_White_01.swf HTTP/1.1" 200 60491 "http://www.acme.com/" "Mozilla/5.0 (Macintosh; U; Intel Mac OS X; en-us) AppleWebKit/523.10.3 (KHTML, like Gecko) Version/3.0.4 Safari/523.10" "193.23.148.91.6087629394390124"
109.145.226.110 - 0000412 [05/Oct/2020:10:33:22 -0800] "GET /themes/acme_com/img/skins/white/num_01.gif HTTP/1.1" 200 203 "http://www.acme.com/index.php/landing" "Mozilla/5.0 (X11; U; Linux i686; en-US; rv:1.8.1.11) Gecko/20071128 SeaMonkey/1.1.7" "109.145.226.110.6087629394390151"
109.145.226.110 - 0000413 [05/Oct/2020:10:33:22 -0800] "GET /themes/acme_com/scripts/sifr3/31646.swf HTTP/1.1" 200 7280 "http://www.acme.com/index.php/landing" "Mozilla/5.0 (X11; U; Linux i686; en-US; rv:1.8.1.11) Gecko/20071128 SeaMonkey/1.1.7" "109.145.226.110.6087629394390151"
78.117.95.89 - 0000414 [05/Oct/2020:10:33:22 -0800] "GET /img/skins/white/mantras/mantra_4.gif HTTP/1.1" 200 9563 "http://www.acme.com/" "Mozilla/4.0 (compatible; MSIE 7.0; Windows NT 5.1)" "78.117.95.89.6087629394390163"
78.117.95.89 - 0000415 [05/Oct/2020:10:33:22 -0800] "GET /img/skins/white/mantras/mantra_3.gif HTTP/1.1" 200 9563 "http://www.acme.com/" "Mozilla/4.0 (compatible; MSIE 7.0; Windows NT 5.1)" "78.117.95.89.6087629394390163"
78.117.95.89 - 0000416 [05/Oct/2020:10:33:22 -0800] "GET /themes/acme_com/scripts/js/+sfgRmluamFuX1R5cGU9amF2YV9zY3JpcHQmRmluamFuX0xhbmc9dGV4dC9qYXZhc2NyaXB0+/default_text.js HTTP/1.1" 200 - "http://www.acme.com/" "Mozilla/4.0 (compatible; MSIE 7.0; Windows NT 5.1)" "78.117.95.89.6087629394390163"
109.145.226.110 - 0000417 [05/Oct/2020:10:33:22 -0800] "GET /themes/acme_com/img/skins/white/searchfield_bg.gif HTTP/1.1" 200 101 "http://www.acme.com/index.php/landing" "Mozilla/5.0 (X11; U; Linux i686; en-US; rv:1.8.1.11) Gecko/20071128 SeaMonkey/1.1.7" "109.145.226.110.6087629394390151"
109.145.226.110 - 0000418 [05/Oct/2020:10:33:22 -0800] "GET /themes/acme_com/scripts/sifr3/3858.swf HTTP/1.1" 200 7279 "http://www.acme.com/index.php/landing" "Mozilla/5.0 (X11; U; Linux i686; en-US; rv:1.8.1.11) Gecko/20071128 SeaMonkey/1.1.7" "109.145.226.110.6087629394390151"
248.221.220.170 - 0000419 [05/Oct/2020:10:33:22 -0800] "GET /static/images/base/m_acmeLogo.gif HTTP/1.1" 200 - "http://www.acme.com/index.php/sso_checker" "Mozilla/4.0 (compatible; MSIE 7.0; Windows NT 6.0; SLCC1; .NET CLR 2.0.50727; Media Center PC 5.0; .NET CLR 3.0.04506; InfoPath.2)" "248.221.220.170.6087629394390100"
78.117.95.89 - 0000420 [05/Oct/2020:10:33:22 -0800] "GET /themes/acme_com/scripts/js/+sfgRmluamFuX1R5cGU9amF2YV9zY3JpcHQmRmluamFuX0xhbmc9dGV4dC9qYXZhc2NyaXB0+/styleswitch.js HTTP/1.1" 200 9647 "http://www.acme.com/" "Mozilla/4.0 (compatible; MSIE 7.0; Windows NT 5.1)" "78.117.95.89.6087629394390163"
177.215.188.27 - 0000421 [05/Oct/2020:10:33:22 -0800] "GET /nexa.gif HTTP/1.1" 200 9535 "http://www.acme.com/" "Mozilla/4.0 (compatible; MSIE 6.0; Windows NT 5.1; SV1)" "177.215.188.27.6087629394390062"
78.117.95.89 - 0000422 [05/Oct/2020:10:33:22 -0800] "GET /themes/acme_com/scripts/sifr3/+sfgRmluamFuX1R5cGU9amF2YV9zY3JpcHQmRmluamFuX0xhbmc9dGV4dC9qYXZhc2NyaXB0+/sifr-debug.js HTTP/1.1" 200 9649 "http://www.acme.com/" "Mozilla/4.0 (compatible; MSIE 7.0; Windows NT 5.1)" "78.117.95.89.6087629394390163"
109.145.226.110 - 0000423 [05/Oct/2020:10:33:22 -0800] "GET /img/skins/white/bg_logo.gif HTTP/1.1" 200 - "http://www.acme.com/index.php/landing" "Mozilla/5.0 (X11; U; Linux i686; en-US; rv:1.8.1.11) Gecko/20071128 SeaMonkey/1.1.7" "109.145.226.110.6087629394390151"
78.117.95.89 - 0000424 [05/Oct/2020:10:33:22 -0800] "GET /__utm.gif HTTP/1.1" 200 11340 "http://www.acme.com/" "Mozilla/4.0 (compatible; MSIE 7.0; Windows NT 5.1)" "78.117.95.89.6087629394390163"
143.5.188.244 - 0000425 [05/Oct/2020:10:33:23 -0800] "GET /web_assets/flash/runner/Imagine_Skyscraper.swf HTTP/1.1" 200 - "http://sourceforge.net/search/?group_id=107397&words=file+sharing&type_of_search=pervasive&pmode=artifact&words=file+sharing%2C+mp3&Search=Search" "Mozilla/4.0 (compatible; MSIE 6.0; Windows NT 5.1; SV1)" "143.5.188.244.6087629394390183"
21.152.42.185 - 0000426 [05/Oct/2020:10:33:23 -0800] "GET /web_assets/flash/runner/DJ_01a_Juniper_Skyscraper.swf HTTP/1.1" 200 41686 "http://www.acme.com/index.php/landing?ac=ostg-cpd" "Mozilla/4.0 (compatible; MSIE 6.0; Windows NT 5.1; SV1; .NET CLR 2.0.50727)" "21.152.42.185.6087629394390179"
76.197.6.102 - 0000427 [05/Oct/2020:10:33:23 -0800] "HEAD /.com HTTP/1.1" 200 - "http://www.linuxquestions.org/questions/linux-from-scratch-13/man-db-2.4.3-error-lfs-6.45-509214/" "Mozilla/4.0 (compatible; MSIE 6.0; Windows NT 5.1; SV1; DRS_E; .NET CLR 1.1.4322; .NET CLR 2.0.50727; InfoPath.1)" "76.197.6.102.6087629394390181"
108.241.26.103 - 0000428 [05/Oct/2020:10:33:23 -0800] "GET /web_assets/flash/runner/Letterboard_A_1.swf HTTP/1.1" 200 - "http://yro.slashdot.org/comments.pl?threshold=2&mode=nested&commentsort=0&op=Change&sid=377237" "Mozilla/4.0 (compatible; MSIE 7.0; Windows NT 5.1; .NET CLR 1.1.4322; .NET CLR 2.0.50727)" "108.241.26.103.6087629394390185"
12.0.27.71 - 0000429 [05/Oct/2020:10:33:23 -0800] "GET / HTTP/1.1" 302 - "http://www.onlamp.com/pub/a/onlamp/2007/11/20/advanced-javascript-iii.html" "Mozilla/5.0 (Windows; U; Windows NT 5.1; en-US; rv:1.8.1.11) Gecko/20071127 Firefox/2.0.0.11" "12.0.27.71.6087629394390180"
12.0.27.71 - 0000430 [05/Oct/2020:10:33:23 -0800] "GET /web_assets/images/products/contentModule/blank.gif HTTP/1.1" 200 49 "http://www.acme.com/" "Mozilla/5.0 (Windows; U; Windows NT 5.1; en-US; rv:1.8.1.11) Gecko/20071127 Firefox/2.0.0.11" "12.0.27.71.6087629394390180"
210.230.150.220 - 0000431 [05/Oct/2020:10:33:23 -0800] "GET /themes/acme_com/scripts/js/global.js HTTP/1.1" 200 8632 "http://search.live.com/results.aspx?q=acme&mrt=en-us&FORM=LIVSOP" "Mozilla/5.0 (Windows; U; Windows NT 5.1; pt-BR; rv:1.8.1.11) Gecko/20071127 Firefox/2.0.0.11" "210.230.150.220.6087629394390184"
148.249.188.219 - 0000432 [05/Oct/2020:10:33:23 -0800] "GET /web_assets/flash/runner/Index_IT_Lead_Rev2.swf HTTP/1.1" 200 118415 "http://www.acme.com/index.php/landing?ac=ostg-cpd" "Mozilla/5.0 (Windows; U; Windows NT 6.0; en-US; rv:1.8.1.11) Gecko/20071127 Firefox/2.0.0.11" "148.249.188.219.6087629394390182"
153.94.36.223 - 0000433 [05/Oct/2020:10:33:23 -0800] "GET /themes/acme_com/css/%22../img/bg_nav3.gif%22 HTTP/1.1" 200 7289 "http://www.acme.com/themes/acme_com/css/main.css" "Mozilla/5.0 (Windows; U; Windows NT 5.1; en-US; rv:1.8.1.11) Gecko/20071127 Firefox/2.0.0.11" "153.94.36.223.6087629394390177"
153.94.36.223 - 0000434 [05/Oct/2020:10:33:23 -0800] "GET /themes/acme_com/css/%22../images/bullet_image.gif%22 HTTP/1.1" 200 7297 "http://www.acme.com/themes/acme_com/css/main.css" "Mozilla/5.0 (Windows; U; Windows NT 5.1; en-US; rv:1.8.1.11) Gecko/20071127 Firefox/2.0.0.11" "153.94.36.223.6087629394390177"
78.117.95.89 - 0000435 [05/Oct/2020:10:33:23 -0800] "GET /img/skins/white/mantras/mantra_5.gif HTTP/1.1" 200 9563 "http://www.acme.com/" "Mozilla/4.0 (compatible; MSIE 7.0; Windows NT 5.1)" "78.117.95.89.6087629394390163"
177.215.188.27 - 0000436 [05/Oct/2020:10:33:23 -0800] "GET /web_assets/video/flash_components/acmeExternalAll.swf HTTP/1.1" 200 5308 "http://www.acme.com/" "Mozilla/4.0 (compatible; MSIE 6.0; Windows NT 5.1; SV1)" "177.215.188.27.6087629394390062"
78.117.95.89 - 0000437 [05/Oct/2020:10:33:23 -0800] "GET /img/skins/white/mantras/mantra_6.gif HTTP/1.1" 200 9563 "http://www.acme.com/" "Mozilla/4.0 (compatible; MSIE 7.0; Windows NT 5.1)" "78.117.95.89.6087629394390163"
177.215.188.27 - 0000438 [05/Oct/2020:10:33:23 -0800] "GET /osl.gif HTTP/1.1" 200 9534 "http://www.acme.com/" "Mozilla/4.0 (compatible; MSIE 6.0; Windows NT 5.1; SV1)" "177.215.188.27.6087629394390062"
109.145.226.110 - 0000439 [05/Oct/2020:10:33:23 -0800] "GET /themes/acme_com/images/bullet_image.gif HTTP/1.1" 200 60 "http://www.acme.com/index.php/landing" "Mozilla/5.0 (X11; U; Linux i686; en-US; rv:1.8.1.11) Gecko/20071128 SeaMonkey/1.1.7" "109.145.226.110.6087629394390151"
193.23.148.91 - 0000440 [05/Oct/2020:10:33:23 -0800] "GET /themes/acme_com/img/skins/white/btn/btn_signup.gif HTTP/1.1" 200 1766 "http://www.acme.com/" "Mozilla/5.0 (Macintosh; U; Intel Mac OS X; en-us) AppleWebKit/523.10.3 (KHTML, like Gecko) Version/3.0.4 Safari/523.10" "193.23.148.91.6087629394390124"
78.117.95.89 - 0000441 [05/Oct/2020:10:33:23 -0800] "GET /img/skins/white/mantras/mantra_2.gif HTTP/1.1" 200 9563 "http://www.acme.com/" "Mozilla/4.0 (compatible; MSIE 7.0; Windows NT 5.1)" "78.117.95.89.6087629394390163"
109.145.226.110 - 0000442 [05/Oct/2020:10:33:23 -0800] "GET /themes/acme_com/img/skins/white/switcher_black.gif HTTP/1.1" 200 61 "http://www.acme.com/index.php/landing" "Mozilla/5.0 (X11; U; Linux i686; en-US; rv:1.8.1.11) Gecko/20071128 SeaMonkey/1.1.7" "109.145.226.110.6087629394390151"
78.117.95.89 - 0000443 [05/Oct/2020:10:33:23 -0800] "GET /themes/acme_com/scripts/js/+sfgRmluamFuX1R5cGU9amF2YV9zY3JpcHQmRmluamFuX0xhbmc9dGV4dC9qYXZhc2NyaXB0+/global.js HTTP/1.1" 200 9642 "http://www.acme.com/" "Mozilla/4.0 (compatible; MSIE 7.0; Windows NT 5.1)" "78.117.95.89.6087629394390163"
109.145.226.110 - 0000444 [05/Oct/2020:10:33:23 -0800] "GET /themes/acme_com/img/screenshots/btn_close.gif HTTP/1.1" 200 56 "http://www.acme.com/index.php/landing" "Mozilla/5.0 (X11; U; Linux i686; en-US; rv:1.8.1.11) Gecko/20071128 SeaMonkey/1.1.7" "109.145.226.110.6087629394390151"
240.80.172.42 - 0000445 [05/Oct/2020:10:33:23 -0800] "GET /__utm.gif HTTP/1.1" 200 11340 "http://www.acme.com/cave/narc.php" "Mozilla/5.0 (Macintosh; U; PPC Mac OS X; fr-fr) AppleWebKit/312.9 (KHTML, like Gecko) Safari/312.6" "240.80.172.42.6087629394390173"
78.117.95.89 - 0000446 [05/Oct/2020:10:33:23 -0800] "GET /themes/acme_com/img/docs/bg_header_help.gif HTTP/1.1" 200 1652 "http://www.acme.com/" "Mozilla/4.0 (compatible; MSIE 7.0; Windows NT 5.1)" "78.117.95.89.6087629394390163"
109.145.226.110 - 0000447 [05/Oct/2020:10:33:23 -0800] "GET /themes/acme_com/scripts/sifr3/28997.swf HTTP/1.1" 404 7280 "http://www.acme.com/index.php/landing" "Mozilla/5.0 (X11; U; Linux i686; en-US; rv:1.8.1.11) Gecko/20071128 SeaMonkey/1.1.7" "109.145.226.110.6087629394390151"
109.145.226.110 - 0000448 [05/Oct/2020:10:33:23 -0800] "GET /web_assets/images/icons/icon_pdf.gif HTTP/1.1" 200 - "http://www.acme.com/index.php/landing" "Mozilla/5.0 (X11; U; Linux i686; en-US; rv:1.8.1.11) Gecko/20071128 SeaMonkey/1.1.7" "109.145.226.110.6087629394390151"
153.94.36.223 - 0000449 [05/Oct/2020:10:33:23 -0800] "GET /themes/acme_com/css/%22../img/skins/white/bg_header.gif%22 HTTP/1.1" 200 7303 "http://www.acme.com/themes/acme_com/css/main.css" "Mozilla/5.0 (Windows; U; Windows NT 5.1; en-US; rv:1.8.1.11) Gecko/20071127 Firefox/2.0.0.11" "153.94.36.223.6087629394390177"
78.117.95.89 - 0000450 [05/Oct/2020:10:33:23 -0800] "GET /img/skins/white/mantras/mantra_1.gif HTTP/1.1" 200 9563 "http://www.acme.com/" "Mozilla/4.0 (compatible; MSIE 7.0; Windows NT 5.1)" "78.117.95.89.6087629394390163"
109.145.226.110 - 0000451 [05/Oct/2020:10:33:23 -0800] "GET /img/skins/white/mantras/mantra_8.gif HTTP/1.1" 200 9563 "http://www.acme.com/index.php/landing" "Mozilla/5.0 (X11; U; Linux i686; en-US; rv:1.8.1.11) Gecko/20071128 SeaMonkey/1.1.7" "109.145.226.110.6087629394390151"
12.0.27.71 - 0000452 [05/Oct/2020:10:33:23 -0800] "GET /img/bg_grid.gif HTTP/1.1" 200 - "http://www.acme.com/" "Mozilla/5.0 (Windows; U; Windows NT 5.1; en-US; rv:1.8.1.11) Gecko/20071127 Firefox/2.0.0.11" "12.0.27.71.6087629394390180"
78.117.95.89 - 0000453 [05/Oct/2020:10:33:23 -0800] "GET /img/skins/white/bg_tripane.gif HTTP/1.1" 200 - "http://www.acme.com/" "Mozilla/4.0 (compatible; MSIE 7.0; Windows NT 5.1)" "78.117.95.89.6087629394390163"
12.0.27.71 - 0000454 [05/Oct/2020:10:33:23 -0800] "GET /themes/acme_com/scripts/sifr3/+sfgRmluamFuX1R5cGU9amF2YV9zY3JpcHQmRmluamFuX0xhbmc9dGV4dC9qYXZhc2NyaXB0+/sifr.js HTTP/1.1" 200 9643 "http://www.acme.com/" "Mozilla/5.0 (Windows; U; Windows NT 5.1; en-US; rv:1.8.1.11) Gecko/20071127 Firefox/2.0.0.11" "12.0.27.71.6087629394390180"
78.117.95.89 - 0000455 [05/Oct/2020:10:33:23 -0800] "GET /img/skins/white/bg_logo.gif HTTP/1.1" 200 - "http://www.acme.com/" "Mozilla/4.0 (compatible; MSIE 7.0; Windows NT 5.1)" "78.117.95.89.6087629394390163"
227.74.30.208 - 0000456 [05/Oct/2020:10:33:24 -0800] "GET /web_assets/flash/runner/Leaderboard1_v04.swf HTTP/1.1" 200 185077 "http://www.linuxquestions.org/questions/linux-software-2/pammysql-sshd-389781/" "Mozilla/4.0 (compatible; MSIE 7.0; Windows NT 5.1; .NET CLR 2.0.50727)" "227.74.30.208.6087629394390186"
190.82.247.93 - 0000457 [05/Oct/2020:10:33:24 -0800] "GET /themes/acme_com/scripts/sifr3/sIFR-print.css HTTP/1.1" 200 873 "http://sourceforge.net/project/showfiles.php?group_id=114505&package_id=160396" "Mozilla/4.0 (compatible; MSIE 7.0; Windows NT 6.0; WOW64; SLCC1; .NET CLR 2.0.50727; .NET CLR 3.0.04506; .NET CLR 1.1.4322; Media Center PC 5.0; .NET CLR 3.5.21022)" "190.82.247.93.6087629394390189"
36.141.178.157 - 0000458 [05/Oct/2020:10:33:24 -0800] "GET /web_assets/flash/runner/Leaderboard2_v04.swf HTTP/1.1" 200 107428 "http://sourceforge.net/search/?words=ebay&sort=latest_file_date&sortdir=desc&offset=0&type_of_search=soft&pmode=0&form_cat=18" "Mozilla/5.0 (Windows; U; Windows NT 5.1; en-US; rv:1.8.1.11) Gecko/20071127 Firefox/2.0.0.11" "36.141.178.157.6087629394390188"
33.207.145.25 - 0000459 [05/Oct/2020:10:33:24 -0800] "GET /web_assets/flash/runner/Leaderboard1_v04.swf HTTP/1.1" 200 185077 "http://slashdot.org/" "Mozilla/5.0 (Windows; U; Windows NT 5.1; pt-BR; rv:1.8.1.11) Gecko/20071127 Firefox/2.0.0.11" "33.207.145.25.6087629394390187"
12.0.27.71 - 0000460 [05/Oct/2020:10:33:24 -0800] "GET /themes/acme_com/scripts/js/+sfgRmluamFuX1R5cGU9amF2YV9zY3JpcHQmRmluamFuX0xhbmc9dGV4dC9qYXZhc2NyaXB0+/flash_tml_min.js HTTP/1.1" 302 - "http://www.acme.com/" "Mozilla/5.0 (Windows; U; Windows NT 5.1; en-US; rv:1.8.1.11) Gecko/20071127 Firefox/2.0.0.11" "12.0.27.71.6087629394390180"
153.94.36.223 - 0000461 [05/Oct/2020:10:33:24 -0800] "GET /themes/acme_com/css/%22../img/skins/white/bg_photoLeft.gif%22 HTTP/1.1" 200 7306 "http://www.acme.com/themes/acme_com/css/main.css" "Mozilla/5.0 (Windows; U; Windows NT 5.1; en-US; rv:1.8.1.11) Gecko/20071127 Firefox/2.0.0.11" "153.94.36.223.6087629394390177"
12.0.27.71 - 0000462 [05/Oct/2020:10:33:24 -0800] "GET /themes/acme_com/scripts/js/+sfgRmluamFuX1R5cGU9amF2YV9zY3JpcHQmRmluamFuX0xhbmc9dGV4dC9qYXZhc2NyaXB0+/flash_detect_min.js HTTP/1.1" 200 9652 "http://www.acme.com/" "Mozilla/5.0 (Windows; U; Windows NT 5.1; en-US; rv:1.8.1.11) Gecko/20071127 Firefox/2.0.0.11" "12.0.27.71.6087629394390180"
78.117.95.89 - 0000463 [05/Oct/2020:10:33:24 -0800] "GET /themes/acme_com/img/skins/white/logos/downloads/windows-logo.jpg HTTP/1.1" 200 3852 "http://www.acme.com/" "Mozilla/4.0 (compatible; MSIE 7.0; Windows NT 5.1)" "78.117.95.89.6087629394390163"
78.117.95.89 - 0000464 [05/Oct/2020:10:33:24 -0800] "GET /img/skins/white/num_02.gif HTTP/1.1" 200 9553 "http://www.acme.com/" "Mozilla/4.0 (compatible; MSIE 7.0; Windows NT 5.1)" "78.117.95.89.6087629394390163"
110.75.193.204 - 0000465 [05/Oct/2020:10:33:24 -0800] "GET /img/skins/white/bg_photoLeft_home.gif HTTP/1.1" 200 9564 "http://www.acme.com/index.php/landing" "Mozilla/5.0 (X11; U; Linux i686; en-US; rv:1.8.0.12) Gecko/20070530 Fedora/1.5.0.12-1.fc5 Firefox/1.5.0.12" "110.75.193.204.6087629394390093"
78.117.95.89 - 0000466 [05/Oct/2020:10:33:24 -0800] "GET /img/skins/white/mantras/mantra_7.gif HTTP/1.1" 200 9563 "http://www.acme.com/" "Mozilla/4.0 (compatible; MSIE 7.0; Windows NT 5.1)" "78.117.95.89.6087629394390163"
12.0.27.71 - 0000467 [05/Oct/2020:10:33:24 -0800] "GET /etc/+sfgRmluamFuX1R5cGU9amF2YV9zY3JpcHQmRmluamFuX0xhbmc9dGV4dC9qYXZhc2NyaXB0+/prototype.js HTTP/1.1" 200 - "http://www.acme.com/" "Mozilla/5.0 (Windows; U; Windows NT 5.1; en-US; rv:1.8.1.11) Gecko/20071127 Firefox/2.0.0.11" "12.0.27.71.6087629394390180"
78.117.95.89 - 0000468 [05/Oct/2020:10:33:24 -0800] "GET /img/skins/white/bg_photoLeft.gif HTTP/1.1" 200 9559 "http://www.acme.com/" "Mozilla/4.0 (compatible; MSIE 7.0; Windows NT 5.1)" "78.117.95.89.6087629394390163"
78.117.95.89 - 0000469 [05/Oct/2020:10:33:24 -0800] "GET /img/skins/white/switcher_black.gif HTTP/1.1" 200 - "http://www.acme.com/" "Mozilla/4.0 (compatible; MSIE 7.0; Windows NT 5.1)" "78.117.95.89.6087629394390163"
109.145.226.110 - 0000470 [05/Oct/2020:10:33:24 -0800] "GET /themes/acme_com/img/bg_nav3.gif HTTP/1.1" 200 66 "http://www.acme.com/index.php/landing" "Mozilla/5.0 (X11; U; Linux i686; en-US; rv:1.8.1.11) Gecko/20071128 SeaMonkey/1.1.7" "109.145.226.110.6087629394390151"
109.145.226.110 - 0000471 [05/Oct/2020:10:33:24 -0800] "GET /themes/acme_com/img/skins/white/icon_podcast.gif HTTP/1.1" 200 609 "http://www.acme.com/index.php/landing" "Mozilla/5.0 (X11; U; Linux i686; en-US; rv:1.8.1.11) Gecko/20071128 SeaMonkey/1.1.7" "109.145.226.110.6087629394390151"
109.145.226.110 - 0000472 [05/Oct/2020:10:33:24 -0800] "GET /themes/acme_com/img/skins/white/btn/btn_download.gif HTTP/1.1" 200 1382 "http://www.acme.com/index.php/landing" "Mozilla/5.0 (X11; U; Linux i686; en-US; rv:1.8.1.11) Gecko/20071128 SeaMonkey/1.1.7" "109.145.226.110.6087629394390151"
78.117.95.89 - 0000473 [05/Oct/2020:10:33:24 -0800] "GET /img/skins/white/icon_podcast.gif HTTP/1.1" 200 - "http://www.acme.com/" "Mozilla/4.0 (compatible; MSIE 7.0; Windows NT 5.1)" "78.117.95.89.6087629394390163"
12.0.27.71 - 0000474 [05/Oct/2020:10:33:24 -0800] "GET /themes/acme_com/img/skins/white/store/step1.gif HTTP/1.1" 200 - "http://www.acme.com/" "Mozilla/5.0 (Windows; U; Windows NT 5.1; en-US; rv:1.8.1.11) Gecko/20071127 Firefox/2.0.0.11" "12.0.27.71.6087629394390180"
193.23.148.91 - 0000475 [05/Oct/2020:10:33:24 -0800] "GET /erik_100.jpg HTTP/1.1" 200 9539 "http://www.acme.com/" "Mozilla/5.0 (Macintosh; U; Intel Mac OS X; en-us) AppleWebKit/523.10.3 (KHTML, like Gecko) Version/3.0.4 Safari/523.10" "193.23.148.91.6087629394390124"
12.0.27.71 - 0000476 [05/Oct/2020:10:33:24 -0800] "GET /themes/acme_com/img/screenshots/btn_close_hi.gif HTTP/1.1" 200 74 "http://www.acme.com/" "Mozilla/5.0 (Windows; U; Windows NT 5.1; en-US; rv:1.8.1.11) Gecko/20071127 Firefox/2.0.0.11" "12.0.27.71.6087629394390180"
109.145.226.110 - 0000477 [05/Oct/2020:10:33:24 -0800] "GET /themes/acme_com/img/skins/white/bg_header.gif HTTP/1.1" 200 551 "http://www.acme.com/index.php/landing" "Mozilla/5.0 (X11; U; Linux i686; en-US; rv:1.8.1.11) Gecko/20071128 SeaMonkey/1.1.7" "109.145.226.110.6087629394390151"
78.117.95.89 - 0000478 [05/Oct/2020:10:33:24 -0800] "GET /img/skins/white/bg_photoLeft_selected.gif HTTP/1.1" 200 - "http://www.acme.com/" "Mozilla/4.0 (compatible; MSIE 7.0; Windows NT 5.1)" "78.117.95.89.6087629394390163"
12.0.27.71 - 0000479 [05/Oct/2020:10:33:24 -0800] "GET /themes/acme_com/scripts/js/+sfgRmluamFuX1R5cGU9amF2YV9zY3JpcHQmRmluamFuX0xhbmc9dGV4dC9qYXZhc2NyaXB0+/default_text.js HTTP/1.1" 200 9648 "http://www.acme.com/" "Mozilla/5.0 (Windows; U; Windows NT 5.1; en-US; rv:1.8.1.11) Gecko/20071127 Firefox/2.0.0.11" "12.0.27.71.6087629394390180"
78.117.95.89 - 0000480 [05/Oct/2020:10:33:24 -0800] "GET /img/skins/white/switcher_white.gif HTTP/1.1" 200 9561 "http://www.acme.com/" "Mozilla/4.0 (compatible; MSIE 7.0; Windows NT 5.1)" "78.117.95.89.6087629394390163"
12.0.27.71 - 0000481 [05/Oct/2020:10:33:24 -0800] "GET /img/skins/white/num_03.gif HTTP/1.1" 200 9553 "http://www.acme.com/" "Mozilla/5.0 (Windows; U; Windows NT 5.1; en-US; rv:1.8.1.11) Gecko/20071127 Firefox/2.0.0.11" "12.0.27.71.6087629394390180"
153.94.36.223 - 0000482 [05/Oct/2020:10:33:24 -0800] "GET /themes/acme_com/css/%22../img/skins/white/mantras/mantra_1.gif%22 HTTP/1.1" 304 - "http://www.acme.com/themes/acme_com/css/main.css" "Mozilla/5.0 (Windows; U; Windows NT 5.1; en-US; rv:1.8.1.11) Gecko/20071127 Firefox/2.0.0.11" "153.94.36.223.6087629394390177"
153.94.36.223 - 0000483 [05/Oct/2020:10:33:24 -0800] "GET /themes/acme_com/css/%22../img/skins/white/bg_photoLeft_home.gif%22 HTTP/1.1" 200 7311 "http://www.acme.com/themes/acme_com/css/main.css" "Mozilla/5.0 (Windows; U; Windows NT 5.1; en-US; rv:1.8.1.11) Gecko/20071127 Firefox/2.0.0.11" "153.94.36.223.6087629394390177"
78.117.95.89 - 0000484 [05/Oct/2020:10:33:24 -0800] "GET /img/skins/white/btn/btn_download.gif HTTP/1.1" 200 9563 "http://www.acme.com/" "Mozilla/4.0 (compatible; MSIE 7.0; Windows NT 5.1)" "78.117.95.89.6087629394390163"
12.0.27.71 - 0000485 [05/Oct/2020:10:33:24 -0800] "GET /images/bullet_image.gif HTTP/1.1" 200 - "http://www.acme.com/" "Mozilla/5.0 (Windows; U; Windows NT 5.1; en-US; rv:1.8.1.11) Gecko/20071127 Firefox/2.0.0.11" "12.0.27.71.6087629394390180"
240.80.172.42 - 0000486 [05/Oct/2020:10:33:24 -0800] "GET /cave/kwargs.css HTTP/1.1" 200 9542 "http://www.acme.com/cave/narc.php" "Mozilla/5.0 (Macintosh; U; PPC Mac OS X; fr-fr) AppleWebKit/312.9 (KHTML, like Gecko) Safari/312.6" "240.80.172.42.6087629394390173"
141.132.125.178 - 0000487 [05/Oct/2020:10:33:25 -0800] "GET /web_assets/flash/runner/Imagine_Skyscraper.swf HTTP/1.1" 200 204953 "http://www.acme.com/" "Mozilla/5.0 (Macintosh; U; PPC Mac OS X Mach-O; zh-CN; rv:1.8.1.10) Gecko/20071115 Firefox/2.0.0.10" "141.132.125.178.6087629394390195"
74.230.200.224 - 0000488 [05/Oct/2020:10:33:25 -0800] "GET /index.php/sso_checker HTTP/1.1" 200 - "http://www.acme.com/" "Mozilla/5.0 (Windows NT 5.2; U; en; rv:1.8.0) Gecko/20060728 Firefox/1.5.0 Opera 9.25" "74.230.200.224.6087629394390193"
74.230.200.224 - 0000489 [05/Oct/2020:10:33:25 -0800] "GET /static/images/base/avatars/default06.png HTTP/1.1" 200 9561 "http://www.acme.com/index.php/sso_checker" "Mozilla/5.0 (Windows NT 5.2; U; en; rv:1.8.0) Gecko/20060728 Firefox/1.5.0 Opera 9.25" "74.230.200.224.6087629394390193"
74.230.200.224 - 0000490 [05/Oct/2020:10:33:25 -0800] "GET /static/images/base/avatars/default10.png HTTP/1.1" 304 - "http://www.acme.com/index.php/sso_checker" "Mozilla/5.0 (Windows NT 5.2; U; en; rv:1.8.0) Gecko/20060728 Firefox/1.5.0 Opera 9.25" "74.230.200.224.6087629394390193"
74.230.200.224 - 0000491 [05/Oct/2020:10:33:25 -0800] "GET /static/images/base/avatars/default19.png HTTP/1.1" 200 9561 "http://www.acme.com/index.php/sso_checker" "Mozilla/5.0 (Windows NT 5.2; U; en; rv:1.8.0) Gecko/20060728 Firefox/1.5.0 Opera 9.25" "74.230.200.224.6087629394390193"
225.226.35.224 - 0000492 [05/Oct/2020:10:33:25 -0800] "GET /web_assets/flash/runner/Letterboard_A_1.swf HTTP/1.1" 200 14140 "http://sourceforge.net/project/showfiles.php?group_id=162512" "Mozilla/5.0 (Windows; U; Windows NT 5.1; en-US; rv:1.8.1.9) Gecko/20071025 Firefox/2.0.0.9" "225.226.35.224.6087629394390194"
84.221.211.111 - 0000493 [05/Oct/2020:10:33:25 -0800] "HEAD /web_assets/flash/runner/Leaderboard1_v04.swf HTTP/1.1" 200 - "http://sourceforge.net/mailarchive/forum.php?thread_name=7eae89250711241423h400c99c6s9233cb9199682880%40mail.gmail.com&forum_name=unittest-cpp-devel" "Mozilla/5.0 (X11; U; Linux i686 (x86_64); en-US; rv:1.8.1) Gecko/20061023 SUSE/2.0-30 Firefox/2.0" "84.221.211.111.6087629394390192"
181.157.182.2 - 0000494 [05/Oct/2020:10:33:25 -0800] "GET /web_assets/flash/runner/Index_IT_Lead_Rev2.swf HTTP/1.1" 200 118415 "http://sourceforge.net/project/showfiles.php?group_id=6172&package_id=135475&release_id=531739" "Mozilla/5.0 (X11; U; Linux i686; en-US; rv:1.8.1.11) Gecko/20071127 Firefox/2.0.0.11" "181.157.182.2.6087629394390191"
213.246.91.103 - 0000495 [05/Oct/2020:10:33:25 -0800] "GET /web_assets/flash/runner/Index_IT_Lead_Rev2.swf HTTP/1.1" 200 118415 "http://sourceforge.net/forum/forum.php?forum_id=331753" "Mozilla/5.0 (X11; U; Linux i686; en-US; rv:1.8.1.11) Gecko/20071204 Ubuntu/7.10 (gutsy) Firefox/2.0.0.11" "213.246.91.103.6087629394390190"
12.0.27.71 - 0000496 [05/Oct/2020:10:33:25 -0800] "GET /web_assets/images/products/contentModule/scale_IT.png HTTP/1.1" 200 5344 "http://www.acme.com/" "Mozilla/5.0 (Windows; U; Windows NT 5.1; en-US; rv:1.8.1.11) Gecko/20071127 Firefox/2.0.0.11" "12.0.27.71.6087629394390180"
12.0.27.71 - 0000497 [05/Oct/2020:10:33:25 -0800] "GET /img/skins/white/num_04.gif HTTP/1.1" 200 9553 "http://www.acme.com/" "Mozilla/5.0 (Windows; U; Windows NT 5.1; en-US; rv:1.8.1.11) Gecko/20071127 Firefox/2.0.0.11" "12.0.27.71.6087629394390180"
110.75.193.204 - 0000498 [05/Oct/2020:10:33:25 -0800] "GET /logo_linux.gif HTTP/1.1" 200 10107 "http://www.acme.com/index.php/landing" "Mozilla/5.0 (X11; U; Linux i686; en-US; rv:1.8.0.12) Gecko/20070530 Fedora/1.5.0.12-1.fc5 Firefox/1.5.0.12" "110.75.193.204.6087629394390093"
109.145.226.110 - 0000499 [05/Oct/2020:10:33:25 -0800] "GET /themes/acme_com/scripts/sifr3/4292.swf HTTP/1.1" 200 - "http://www.acme.com/index.php/landing" "Mozilla/5.0 (X11; U; Linux i686; en-US; rv:1.8.1.11) Gecko/20071128 SeaMonkey/1.1.7" "109.145.226.110.6087629394390151"
12.0.27.71 - 0000500 [05/Oct/2020:10:33:25 -0800] "GET /themes/acme_com/img/icon_checkbox.gif HTTP/1.1" 200 303 "http://www.acme.com/" "Mozilla/5.0 (Windows; U; Windows NT 5.1; en-US; rv:1.8.1.11) Gecko/20071127 Firefox/2.0.0.11" "12.0.27.71.6087629394390180"
78.117.95.89 - 0000501 [05/Oct/2020:10:33:25 -0800] "GET /img/skins/white/mantras/mantra_8.gif HTTP/1.1" 200 - "http://www.acme.com/" "Mozilla/4.0 (compatible; MSIE 7.0; Windows NT 5.1)" "78.117.95.89.6087629394390163"
153.94.36.223 - 0000502 [05/Oct/2020:10:33:25 -0800] "GET /themes/acme_com/css/%22../img/skins/white/bg_photoLeft_selected.gif%22 HTTP/1.1" 200 7315 "http://www.acme.com/themes/acme_com/css/main.css" "Mozilla/5.0 (Windows; U; Windows NT 5.1; en-US; rv:1.8.1.11) Gecko/20071127 Firefox/2.0.0.11" "153.94.36.223.6087629394390177"
177.215.188.27 - 0000503 [05/Oct/2020:10:33:25 -0800] "GET /web_assets/images/products/contentModule/pickerBg.png HTTP/1.1" 200 323 "http://www.acme.com/" "Mozilla/4.0 (compatible; MSIE 6.0; Windows NT 5.1; SV1)" "177.215.188.27.6087629394390062"
177.215.188.27 - 0000504 [05/Oct/2020:10:33:25 -0800] "GET /erik_100.jpg HTTP/1.1" 200 - "http://www.acme.com/" "Mozilla/4.0 (compatible; MSIE 6.0; Windows NT 5.1; SV1)" "177.215.188.27.6087629394390062"
110.75.193.204 - 0000505 [05/Oct/2020:10:33:25 -0800] "GET /img/skins/white/bg_tripane.gif HTTP/1.1" 200 - "http://www.acme.com/index.php/landing" "Mozilla/5.0 (X11; U; Linux i686; en-US; rv:1.8.0.12) Gecko/20070530 Fedora/1.5.0.12-1.fc5 Firefox/1.5.0.12" "110.75.193.204.6087629394390093"
12.0.27.71 - 0000506 [05/Oct/2020:10:33:25 -0800] "GET /img/skins/white/mantras/mantra_4.gif HTTP/1.1" 200 9563 "http://www.acme.com/" "Mozilla/5.0 (Windows; U; Windows NT 5.1; en-US; rv:1.8.1.11) Gecko/20071127 Firefox/2.0.0.11" "12.0.27.71.6087629394390180"
12.0.27.71 - 0000507 [05/Oct/2020:10:33:25 -0800] "GET /img/skins/white/mantras/mantra_3.gif HTTP/1.1" 200 9563 "http://www.acme.com/" "Mozilla/5.0 (Windows; U; Windows NT 5.1; en-US; rv:1.8.1.11) Gecko/20071127 Firefox/2.0.0.11" "12.0.27.71.6087629394390180"
12.0.27.71 - 0000508 [05/Oct/2020:10:33:25 -0800] "GET /themes/acme_com/img/docs/bg_header_help.gif HTTP/1.1" 200 1652 "http://www.acme.com/" "Mozilla/5.0 (Windows; U; Windows NT 5.1; en-US; rv:1.8.1.11) Gecko/20071127 Firefox/2.0.0.11" "12.0.27.71.6087629394390180"
12.0.27.71 - 0000509 [05/Oct/2020:10:33:25 -0800] "GET /img/skins/white/mantras/mantra_7.gif HTTP/1.1" 200 - "http://www.acme.com/" "Mozilla/5.0 (Windows; U; Windows NT 5.1; en-US; rv:1.8.1.11) Gecko/20071127 Firefox/2.0.0.11" "12.0.27.71.6087629394390180"
109.145.226.110 - 0000510 [05/Oct/2020:10:33:25 -0800] "GET /themes/acme_com/scripts/sifr3/14270.swf HTTP/1.1" 200 7279 "http://www.acme.com/index.php/landing" "Mozilla/5.0 (X11; U; Linux i686; en-US; rv:1.8.1.11) Gecko/20071128 SeaMonkey/1.1.7" "109.145.226.110.6087629394390151"
153.94.36.223 - 0000511 [05/Oct/2020:10:33:25 -0800] "GET /themes/acme_com/css/%22../img/skins/white/logos/logo_acme.gif%22 HTTP/1.1" 200 7311 "http://www.acme.com/themes/acme_com/css/main.css" "Mozilla/5.0 (Windows; U; Windows NT 5.1; en-US; rv:1.8.1.11) Gecko/20071127 Firefox/2.0.0.11" "153.94.36.223.6087629394390177"
193.23.148.91 - 0000512 [05/Oct/2020:10:33:25 -0800] "GET /web_assets/video/2007/product_demos/GettingStarted_Ver_01.flv HTTP/1.1" 200 23482014 "http://www.acme.com/" "Mozilla/5.0 (Macintosh; U; Intel Mac OS X; en-us) AppleWebKit/523.10.3 (KHTML, like Gecko) Version/3.0.4 Safari/523.10" "193.23.148.91.6087629394390124"
12.0.27.71 - 0000513 [05/Oct/2020:10:33:25 -0800] "GET /img/skins/white/mantras/mantra_2.gif HTTP/1.1" 200 - "http://www.acme.com/" "Mozilla/5.0 (Windows; U; Windows NT 5.1; en-US; rv:1.8.1.11) Gecko/20071127 Firefox/2.0.0.11" "12.0.27.71.6087629394390180"
12.0.27.71 - 0000514 [05/Oct/2020:10:33:25 -0800] "GET /themes/acme_com/scripts/sifr3/+sfgRmluamFuX1R5cGU9amF2YV9zY3JpcHQmRmluamFuX0xhbmc9dGV4dC9qYXZhc2NyaXB0+/sifr-debug.js HTTP/1.1" 200 9649 "http://www.acme.com/" "Mozilla/5.0 (Windows; U; Windows NT 5.1; en-US; rv:1.8.1.11) Gecko/20071127 Firefox/2.0.0.11" "12.0.27.71.6087629394390180"
193.23.148.91 - 0000515 [05/Oct/2020:10:33:25 -0800] "GET /web_assets/images/products/contentModule/transparent.png HTTP/1.1" 200 209 "http://www.acme.com/" "Mozilla/5.0 (Macintosh; U; Intel Mac OS X; en-us) AppleWebKit/523.10.3 (KHTML, like Gecko) Version/3.0.4 Safari/523.10" "193.23.148.91.6087629394390124"
78.117.95.89 - 0000516 [05/Oct/2020:10:33:25 -0800] "GET /themes/acme_com/img/skins/white/switcher_black.gif HTTP/1.1" 200 61 "http://www.acme.com/" "Mozilla/4.0 (compatible; MSIE 7.0; Windows NT 5.1)" "78.117.95.89.6087629394390163"
