110.75.193.204 - 0000695 [05/Oct/2020:10:33:31 -0800] "GET /themes/acme_com/scripts/sifr3/215.swf HTTP/1.1" 200 9566 "http://www.acme.com/index.php/landing" "Mozilla/5.0 (X11; U; Linux i686; en-US; rv:1.8.0.12) Gecko/20070530 Fedora/1.5.0.12-1.fc5 Firefox/1.5.0.12" "110.75.193.204.6087629394390093"
78.117.95.89 - 0000696 [05/Oct/2020:10:33:31 -0800] "GET /web_assets/video/2007/product_demos/GettingStarted_Ver_01.flv HTTP/1.1" 200 23482014 "http://www.acme.com/" "Mozilla/4.0 (compatible; MSIE 7.0; Windows NT 5.1)" "78.117.95.89.6087629394390163"
193.23.148.91 - 0000697 [05/Oct/2020:10:33:31 -0800] "GET /osl.gif HTTP/1.1" 200 9534 "http://www.acme.com/" "Mozilla/5.0 (Macintosh; U; Intel Mac OS X; en-us) AppleWebKit/523.10.3 (KHTML, like Gecko) Version/3.0.4 Safari/523.10" "193.23.148.91.6087629394390124"
2.8.127.70 - 0000698 [05/Oct/2020:10:33:32 -0800] "GET /web_assets/flash/product/Search_IT.swf HTTP/1.1" 200 - "http://slashdot.org/article.pl?sid=07/11/27/0416241" "Mozilla/4.0 (compatible; MSIE 6.0; Windows NT 5.1; SV1)" "2.8.127.70.6087629394390224"
138.73.246.167 - 0000699 [05/Oct/2020:10:33:32 -0800] "HEAD /web_assets/flash/runner/Imagine_Leaderboard.swf HTTP/1.1" 200 - "http://sourceforge.net/projects/simpledirectory/" "Mozilla/4.0 (compatible; MSIE 7.0; Windows NT 6.0; SLCC1; .NET CLR 2.0.50727; Media Center PC 5.0; .NET CLR 3.0.04506)" "138.73.246.167.6087629394390227"
40.85.241.33 - 0000700 [05/Oct/2020:10:33:32 -0800] "HEAD /favicon.ico HTTP/1.1" 200 - "http://sourceforge.net/sendmessage.php?touser=1675525" "Mozilla/5.0 (Windows; U; Windows NT 5.0; en-US; rv:1.8.1.11) Gecko/20071127 Firefox/2.0.0.11" "40.85.241.33.6087629394390226"
54.184.83.170 - 0000701 [05/Oct/2020:10:33:32 -0800] "HEAD /web_assets/flash/runner/DJ_01a_Juniper_Leaderboard.swf HTTP/1.1" 200 - "http://www.acme.com/index.php/landing?ac=ostg-cpd" "Mozilla/5.0 (Windows; U; Windows NT 5.1; it; rv:1.8.1.11) Gecko/20071127 Firefox/2.0.0.11" "54.184.83.170.6087629394390228"
124.222.15.72 - 0000702 [05/Oct/2020:10:33:32 -0800] "GET /themes/acme_com/img/trans.gif HTTP/1.1" 200 43 "http://www.linuxquestions.org/questions/linux-software-2/error-activating-xkb-configuration-probably-internal-x-server-problem.-184652/" "Mozilla/5.0 (X11; U; Linux i686 (x86_64); en-US; rv:1.8.1.4) Gecko/20071214 BonEcho/2.0.0.4" "124.222.15.72.6087629394390225"
12.0.27.71 - 0000703 [05/Oct/2020:10:33:32 -0800] "GET /themes/acme_com/img/skins/white/switcher_black.gif HTTP/1.1" 200 61 "http://www.acme.com/" "Mozilla/5.0 (Windows; U; Windows NT 5.1; en-US; rv:1.8.1.11) Gecko/20071127 Firefox/2.0.0.11" "12.0.27.71.6087629394390180"
165.156.65.76 - 0000704 [05/Oct/2020:10:33:32 -0800] "GET /themes/acme_com/img/skins/white/icon_podcast.gif HTTP/1.1" 302 - "http://www.acme.com/index.php/landing" "Mozilla/4.0 (compatible; MSIE 6.0; Windows NT 5.1; SV1; .NET CLR 1.1.4322)" "165.156.65.76.6087629394390203"
14.171.249.143 - 0000705 [05/Oct/2020:10:33:32 -0800] "GET /img/skins/white/mantras/mantra_3.gif HTTP/1.1" 200 9563 "http://www.acme.com/index.php/landing" "Mozilla/5.0 (Windows; U; Windows NT 5.1; en-US; rv:1.8.1.10) Gecko/20071115 Firefox/2.0.0.10" "14.171.249.143.6087629394390216"
14.171.249.143 - 0000706 [05/Oct/2020:10:33:32 -0800] "GET /img/skins/white/bg_photoLeft_selected.gif HTTP/1.1" 200 9568 "http://www.acme.com/index.php/landing" "Mozilla/5.0 (Windows; U; Windows NT 5.1; en-US; rv:1.8.1.10) Gecko/20071115 Firefox/2.0.0.10" "14.171.249.143.6087629394390216"
78.117.95.89 - 0000707 [05/Oct/2020:10:33:32 -0800] "GET /web_assets/images/products/contentModule/transparent.png HTTP/1.1" 200 - "http://www.acme.com/" "Mozilla/4.0 (compatible; MSIE 7.0; Windows NT 5.1)" "78.117.95.89.6087629394390163"
109.145.226.110 - 0000708 [05/Oct/2020:10:33:32 -0800] "GET /img/skins/white/mantras/mantra_6.gif HTTP/1.1" 200 9563 "http://www.acme.com/index.php/landing" "Mozilla/5.0 (X11; U; Linux i686; en-US; rv:1.8.1.11) Gecko/20071128 SeaMonkey/1.1.7" "109.145.226.110.6087629394390151"
165.156.65.76 - 0000709 [05/Oct/2020:10:33:32 -0800] "GET /img/skins/white/num_04.gif HTTP/1.1" 200 9553 "http://www.acme.com/index.php/landing" "Mozilla/4.0 (compatible; MSIE 6.0; Windows NT 5.1; SV1; .NET CLR 1.1.4322)" "165.156.65.76.6087629394390203"
14.171.249.143 - 0000710 [05/Oct/2020:10:33:32 -0800] "GET /themes/acme_com/scripts/sifr3/3476.swf HTTP/1.1" 200 7279 "http://www.acme.com/index.php/landing" "Mozilla/5.0 (Windows; U; Windows NT 5.1; en-US; rv:1.8.1.10) Gecko/20071115 Firefox/2.0.0.10" "14.171.249.143.6087629394390216"
165.156.65.76 - 0000711 [05/Oct/2020:10:33:32 -0800] "GET /themes/acme_com/images/bullet_image.gif HTTP/1.1" 200 - "http://www.acme.com/index.php/landing" "Mozilla/4.0 (compatible; MSIE 6.0; Windows NT 5.1; SV1; .NET CLR 1.1.4322)" "165.156.65.76.6087629394390203"
193.23.148.91 - 0000712 [05/Oct/2020:10:33:32 -0800] "GET /modules/base/xarimages/exception.jpg HTTP/1.1" 200 5025 "http://www.acme.com/" "Mozilla/5.0 (Macintosh; U; Intel Mac OS X; en-us) AppleWebKit/523.10.3 (KHTML, like Gecko) Version/3.0.4 Safari/523.10" "193.23.148.91.6087629394390124"
153.94.36.223 - 0000713 [05/Oct/2020:10:33:32 -0800] "GET /themes/acme_com/css/%22/web_assets/images/icons/icon_pdf.gif%22 HTTP/1.1" 304 - "http://www.acme.com/themes/acme_com/css/main.css" "Mozilla/5.0 (Windows; U; Windows NT 5.1; en-US; rv:1.8.1.11) Gecko/20071127 Firefox/2.0.0.11" "153.94.36.223.6087629394390177"
14.171.249.143 - 0000714 [05/Oct/2020:10:33:32 -0800] "GET /themes/acme_com/scripts/sifr3/31646.swf HTTP/1.1" 200 7280 "http://www.acme.com/index.php/landing" "Mozilla/5.0 (Windows; U; Windows NT 5.1; en-US; rv:1.8.1.10) Gecko/20071115 Firefox/2.0.0.10" "14.171.249.143.6087629394390216"
74.230.200.224 - 0000715 [05/Oct/2020:10:33:32 -0800] "GET /static/images/base/avatars/default2.png HTTP/1.1" 200 9560 "http://www.acme.com/index.php/sso_checker" "Mozilla/5.0 (Windows NT 5.2; U; en; rv:1.8.0) Gecko/20060728 Firefox/1.5.0 Opera 9.25" "74.230.200.224.6087629394390193"
14.171.249.143 - 0000716 [05/Oct/2020:10:33:32 -0800] "GET /themes/acme_com/scripts/sifr3/32522.swf HTTP/1.1" 200 7279 "http://www.acme.com/index.php/landing" "Mozilla/5.0 (Windows; U; Windows NT 5.1; en-US; rv:1.8.1.10) Gecko/20071115 Firefox/2.0.0.10" "14.171.249.143.6087629394390216"
78.117.95.89 - 0000717 [05/Oct/2020:10:33:32 -0800] "GET /trans.gif HTTP/1.1" 200 10097 "http://www.acme.com/" "Mozilla/4.0 (compatible; MSIE 7.0; Windows NT 5.1)" "78.117.95.89.6087629394390163"
14.171.249.143 - 0000718 [05/Oct/2020:10:33:32 -0800] "GET /themes/acme_com/img/skins/white/bg_tripane.gif HTTP/1.1" 200 18290 "http://www.acme.com/index.php/landing" "Mozilla/5.0 (Windows; U; Windows NT 5.1; en-US; rv:1.8.1.10) Gecko/20071115 Firefox/2.0.0.10" "14.171.249.143.6087629394390216"
87.68.45.226 - 0000719 [05/Oct/2020:10:33:33 -0800] "HEAD /web_assets/flash/runner/Ethan_Leaderboard_01_a.swf HTTP/1.1" 200 - "-" "Mozilla/4.0 (compatible; MSIE 6.0; Windows NT 5.0; .NET CLR 1.1.4322)" "87.68.45.226.6087629394390229"
157.65.1.53 - 0000720 [05/Oct/2020:10:33:33 -0800] "GET /themes/acme_com/img/skins/white/logos/downloads/logo_mac.gif HTTP/1.1" 200 1115 "http://sourceforge.net/forum/forum.php?forum_id=767639" "Mozilla/5.0 (Windows; U; Windows NT 5.1; en-US; rv:1.8.1.11) Gecko/20071127 Firefox/2.0.0.11" "157.65.1.53.6087629394390230"
180.89.97.135 - 0000721 [05/Oct/2020:10:33:33 -0800] "GET /favicon.ico HTTP/1.1" 304 - "http://science.slashdot.org/science/07/12/08/0644233.shtml" "Mozilla/5.0 (Windows; U; Windows NT 5.1; en-US; rv:1.8.1.3) Gecko/20070309 Firefox/2.0.0.3" "180.89.97.135.6087629394390231"
78.117.95.89 - 0000722 [05/Oct/2020:10:33:33 -0800] "GET /themes/acme_com/img/skins/white/solutions/photos/solutions_compliance.png HTTP/1.1" 200 19306 "http://www.acme.com/" "Mozilla/4.0 (compatible; MSIE 7.0; Windows NT 5.1)" "78.117.95.89.6087629394390163"
193.23.148.91 - 0000723 [05/Oct/2020:10:33:33 -0800] "GET /logo_freshdirect.gif HTTP/1.1" 200 9547 "http://www.acme.com/" "Mozilla/5.0 (Macintosh; U; Intel Mac OS X; en-us) AppleWebKit/523.10.3 (KHTML, like Gecko) Version/3.0.4 Safari/523.10" "193.23.148.91.6087629394390124"
165.156.65.76 - 0000724 [05/Oct/2020:10:33:33 -0800] "GET /images/nav_on_bg.png HTTP/1.1" 200 186 "http://www.acme.com/index.php/landing" "Mozilla/4.0 (compatible; MSIE 6.0; Windows NT 5.1; SV1; .NET CLR 1.1.4322)" "165.156.65.76.6087629394390203"
12.0.27.71 - 0000725 [05/Oct/2020:10:33:33 -0800] "GET /themes/acme_com/img/skins/white/btn/btn_signup.gif HTTP/1.1" 200 1766 "http://www.acme.com/" "Mozilla/5.0 (Windows; U; Windows NT 5.1; en-US; rv:1.8.1.11) Gecko/20071127 Firefox/2.0.0.11" "12.0.27.71.6087629394390180"
165.156.65.76 - 0000726 [05/Oct/2020:10:33:33 -0800] "GET /themes/acme_com/scripts/sifr3/17519.swf HTTP/1.1" 200 7279 "http://www.acme.com/index.php/landing" "Mozilla/4.0 (compatible; MSIE 6.0; Windows NT 5.1; SV1; .NET CLR 1.1.4322)" "165.156.65.76.6087629394390203"
14.171.249.143 - 0000727 [05/Oct/2020:10:33:33 -0800] "GET /themes/acme_com/img/skins/white/num_01.gif HTTP/1.1" 200 - "http://www.acme.com/index.php/landing" "Mozilla/5.0 (Windows; U; Windows NT 5.1; en-US; rv:1.8.1.10) Gecko/20071115 Firefox/2.0.0.10" "14.171.249.143.6087629394390216"
109.145.226.110 - 0000728 [05/Oct/2020:10:33:33 -0800] "GET /themes/acme_com/img/screenshots/popup_bg.png HTTP/1.1" 200 2487 "http://www.acme.com/index.php/landing" "Mozilla/5.0 (X11; U; Linux i686; en-US; rv:1.8.1.11) Gecko/20071128 SeaMonkey/1.1.7" "109.145.226.110.6087629394390151"
109.145.226.110 - 0000729 [05/Oct/2020:10:33:33 -0800] "GET /img/skins/white/bg_photoLeft.gif HTTP/1.1" 404 - "http://www.acme.com/index.php/landing" "Mozilla/5.0 (X11; U; Linux i686; en-US; rv:1.8.1.11) Gecko/20071128 SeaMonkey/1.1.7" "109.145.226.110.6087629394390151"
14.171.249.143 - 0000730 [05/Oct/2020:10:33:33 -0800] "GET /img/skins/white/mantras/mantra_4.gif HTTP/1.1" 200 9563 "http://www.acme.com/index.php/landing" "Mozilla/5.0 (Windows; U; Windows NT 5.1; en-US; rv:1.8.1.10) Gecko/20071115 Firefox/2.0.0.10" "14.171.249.143.6087629394390216"
109.145.226.110 - 0000731 [05/Oct/2020:10:33:33 -0800] "GET /img/skins/white/switcher_black.gif HTTP/1.1" 200 9561 "http://www.acme.com/index.php/landing" "Mozilla/5.0 (X11; U; Linux i686; en-US; rv:1.8.1.11) Gecko/20071128 SeaMonkey/1.1.7" "109.145.226.110.6087629394390151"
12.0.27.71 - 0000732 [05/Oct/2020:10:33:33 -0800] "GET /themes/acme_com/img/skins/white/btn/btn_download.gif HTTP/1.1" 200 1382 "http://www.acme.com/" "Mozilla/5.0 (Windows; U; Windows NT 5.1; en-US; rv:1.8.1.11) Gecko/20071127 Firefox/2.0.0.11" "12.0.27.71.6087629394390180"
14.171.249.143 - 0000733 [05/Oct/2020:10:33:33 -0800] "GET /img/skins/white/mantras/mantra_8.gif HTTP/1.1" 200 9563 "http://www.acme.com/index.php/landing" "Mozilla/5.0 (Windows; U; Windows NT 5.1; en-US; rv:1.8.1.10) Gecko/20071115 Firefox/2.0.0.10" "14.171.249.143.6087629394390216"
14.171.249.143 - 0000734 [05/Oct/2020:10:33:33 -0800] "GET /img/skins/white/bg_logo.gif HTTP/1.1" 304 - "http://www.acme.com/index.php/landing" "Mozilla/5.0 (Windows; U; Windows NT 5.1; en-US; rv:1.8.1.10) Gecko/20071115 Firefox/2.0.0.10" "14.171.249.143.6087629394390216"
14.171.249.143 - 0000735 [05/Oct/2020:10:33:33 -0800] "GET /themes/acme_com/images/bullet_image.gif HTTP/1.1" 200 60 "http://www.acme.com/index.php/landing" "Mozilla/5.0 (Windows; U; Windows NT 5.1; en-US; rv:1.8.1.10) Gecko/20071115 Firefox/2.0.0.10" "14.171.249.143.6087629394390216"
12.0.27.71 - 0000736 [05/Oct/2020:10:33:33 -0800] "GET /web_assets/images/products/contentModule/search_IT.png HTTP/1.1" 200 5831 "http://www.acme.com/" "Mozilla/5.0 (Windows; U; Windows NT 5.1; en-US; rv:1.8.1.11) Gecko/20071127 Firefox/2.0.0.11" "12.0.27.71.6087629394390180"
14.171.249.143 - 0000737 [05/Oct/2020:10:33:33 -0800] "GET /img/skins/white/mantras/mantra_7.gif HTTP/1.1" 200 - "http://www.acme.com/index.php/landing" "Mozilla/5.0 (Windows; U; Windows NT 5.1; en-US; rv:1.8.1.10) Gecko/20071115 Firefox/2.0.0.10" "14.171.249.143.6087629394390216"
193.23.148.91 - 0000738 [05/Oct/2020:10:33:33 -0800] "GET /proofpoint_video.jpg HTTP/1.1" 200 - "http://www.acme.com/" "Mozilla/5.0 (Macintosh; U; Intel Mac OS X; en-us) AppleWebKit/523.10.3 (KHTML, like Gecko) Version/3.0.4 Safari/523.10" "193.23.148.91.6087629394390124"
109.145.226.110 - 0000739 [05/Oct/2020:10:33:33 -0800] "GET /themes/acme_com/scripts/sifr3/8623.swf HTTP/1.1" 200 7279 "http://www.acme.com/index.php/landing" "Mozilla/5.0 (X11; U; Linux i686; en-US; rv:1.8.1.11) Gecko/20071128 SeaMonkey/1.1.7" "109.145.226.110.6087629394390151"
153.94.36.223 - 0000740 [05/Oct/2020:10:33:33 -0800] "GET /themes/acme_com/css/%22/themes/acme_com/img/screenshots/panel_working_bg.gif%22 HTTP/1.1" 200 7326 "http://www.acme.com/themes/acme_com/css/main.css" "Mozilla/5.0 (Windows; U; Windows NT 5.1; en-US; rv:1.8.1.11) Gecko/20071127 Firefox/2.0.0.11" "153.94.36.223.6087629394390177"
14.171.249.143 - 0000741 [05/Oct/2020:10:33:33 -0800] "GET /themes/acme_com/img/skins/white/btn/btn_download.gif HTTP/1.1" 200 1382 "http://www.acme.com/index.php/landing" "Mozilla/5.0 (Windows; U; Windows NT 5.1; en-US; rv:1.8.1.10) Gecko/20071115 Firefox/2.0.0.10" "14.171.249.143.6087629394390216"
171.89.60.255 - 0000742 [05/Oct/2020:10:33:34 -0800] "HEAD /web_assets/flash/runner/Index_IT_Sky_Rev2.swf HTTP/1.1" 200 - "http://www.linuxquestions.org/linux/answers/Applications_GUI_Multimedia/Installing_TTF_Fonts_in_GNOME" "Mozilla/4.0 (compatible; MSIE 6.0; Windows NT 5.1; SV1; .NET CLR 1.1.4322)" "171.89.60.255.6087629394390236"
251.7.130.75 - 0000743 [05/Oct/2020:10:33:34 -0800] "HEAD /web_assets/flash/runner/DJ_01a_Juniper_Leaderboard.swf HTTP/1.1" 200 - "http://www.linuxquestions.org/questions/linux-software-2/pc-suite-for-nokia-and-motorola-cells-591879/" "Mozilla/4.0 (compatible; MSIE 6.0; Windows NT 5.1; SV1; .NET CLR 1.1.4322; .NET CLR 2.0.50727)" "251.7.130.75.6087629394390235"
252.115.218.16 - 0000744 [05/Oct/2020:10:33:34 -0800] "GET /themes/acme_com/img/skins/white/logos/logo_acme.gif HTTP/1.1" 404 2307 "http://slashdot.org/" "Mozilla/4.0 (compatible; MSIE 7.0; Windows NT 5.1; .NET CLR 1.1.4322)" "252.115.218.16.6087629394390232"
206.17.127.140 - 0000745 [05/Oct/2020:10:33:34 -0800] "GET /web_assets/flash/runner/Index_IT_Lead_Rev2.swf HTTP/1.1" 200 - "http://www.linuxquestions.org/questions/slackware-14/ssh-logs-608368/" "Mozilla/4.0 (compatible; MSIE 7.0; Windows NT 5.1; .NET CLR 2.0.50727; .NET CLR 3.0.04506.30; .NET CLR 1.1.4322; .NET CLR 3.0.04506.648)" "206.17.127.140.6087629394390233"
82.245.20.198 - 0000746 [05/Oct/2020:10:33:34 -0800] "GET /web_assets/flash/runner/Imagine_Leaderboard.swf HTTP/1.1" 200 - "http://sourceforge.net/project/screenshots.php?group_id=133599" "Mozilla/4.0 (compatible; MSIE 7.0; Windows NT 6.0; SLCC1; .NET CLR 2.0.50727; .NET CLR 3.0.04506; .NET CLR 1.1.4322; InfoPath.2; .NET CLR 3.5.21022)" "82.245.20.198.6087629394390237"
152.60.113.185 - 0000747 [05/Oct/2020:10:33:34 -0800] "GET /themes/acme_com/scripts/sifr3/sIFR-print.css HTTP/1.1" 200 873 "http://sourceforge.net/project/screenshots.php?group_id=105292" "Mozilla/5.0 (Windows; U; Windows NT 5.1; es-ES; rv:1.8.1.11) Gecko/20071127 Firefox/2.0.0.11" "152.60.113.185.6087629394390234"
14.171.249.143 - 0000748 [05/Oct/2020:10:33:34 -0800] "GET /img/skins/white/btn/btn_download.gif HTTP/1.1" 200 9563 "http://www.acme.com/index.php/landing" "Mozilla/5.0 (Windows; U; Windows NT 5.1; en-US; rv:1.8.1.10) Gecko/20071115 Firefox/2.0.0.10" "14.171.249.143.6087629394390216"
165.156.65.76 - 0000749 [05/Oct/2020:10:33:34 -0800] "GET /img/bg_grid.gif HTTP/1.1" 200 - "http://www.acme.com/index.php/landing" "Mozilla/4.0 (compatible; MSIE 6.0; Windows NT 5.1; SV1; .NET CLR 1.1.4322)" "165.156.65.76.6087629394390203"
78.117.95.89 - 0000750 [05/Oct/2020:10:33:34 -0800] "GET /external.png HTTP/1.1" 200 9539 "http://www.acme.com/" "Mozilla/4.0 (compatible; MSIE 7.0; Windows NT 5.1)" "78.117.95.89.6087629394390163"
14.171.249.143 - 0000751 [05/Oct/2020:10:33:34 -0800] "GET /themes/acme_com/img/skins/white/searchfield_bg.gif HTTP/1.1" 200 101 "http://www.acme.com/index.php/landing" "Mozilla/5.0 (Windows; U; Windows NT 5.1; en-US; rv:1.8.1.10) Gecko/20071115 Firefox/2.0.0.10" "14.171.249.143.6087629394390216"
165.156.65.76 - 0000752 [05/Oct/2020:10:33:34 -0800] "GET /themes/acme_com/scripts/sifr3/4292.swf HTTP/1.1" 200 7278 "http://www.acme.com/index.php/landing" "Mozilla/4.0 (compatible; MSIE 6.0; Windows NT 5.1; SV1; .NET CLR 1.1.4322)" "165.156.65.76.6087629394390203"
177.215.188.27 - 0000753 [05/Oct/2020:10:33:34 -0800] "GET /web_assets/images/products/contentModule/secure_IT.png HTTP/1.1" 200 3537 "http://www.acme.com/" "Mozilla/4.0 (compatible; MSIE 6.0; Windows NT 5.1; SV1)" "177.215.188.27.6087629394390062"
74.230.200.224 - 0000754 [05/Oct/2020:10:33:34 -0800] "GET /static/images/base/m_mantra.gif HTTP/1.1" 404 9558 "http://www.acme.com/index.php/sso_checker" "Mozilla/5.0 (Windows NT 5.2; U; en; rv:1.8.0) Gecko/20060728 Firefox/1.5.0 Opera 9.25" "74.230.200.224.6087629394390193"
14.171.249.143 - 0000755 [05/Oct/2020:10:33:34 -0800] "GET /themes/acme_com/scripts/sifr3/3858.swf HTTP/1.1" 200 7279 "http://www.acme.com/index.php/landing" "Mozilla/5.0 (Windows; U; Windows NT 5.1; en-US; rv:1.8.1.10) Gecko/20071115 Firefox/2.0.0.10" "14.171.249.143.6087629394390216"
177.215.188.27 - 0000756 [05/Oct/2020:10:33:34 -0800] "GET /themes/acme_com/img/skins/white/solutions/photos/solutions_security.png HTTP/1.1" 200 26300 "http://www.acme.com/" "Mozilla/4.0 (compatible; MSIE 6.0; Windows NT 5.1; SV1)" "177.215.188.27.6087629394390062"
165.156.65.76 - 0000757 [05/Oct/2020:10:33:34 -0800] "GET /themes/acme_com/scripts/sifr3/28997.swf HTTP/1.1" 200 - "http://www.acme.com/index.php/landing" "Mozilla/4.0 (compatible; MSIE 6.0; Windows NT 5.1; SV1; .NET CLR 1.1.4322)" "165.156.65.76.6087629394390203"
109.145.226.110 - 0000758 [05/Oct/2020:10:33:34 -0800] "GET /img/skins/white/bg_photoLeft_home.gif HTTP/1.1" 200 9564 "http://www.acme.com/index.php/landing" "Mozilla/5.0 (X11; U; Linux i686; en-US; rv:1.8.1.11) Gecko/20071128 SeaMonkey/1.1.7" "109.145.226.110.6087629394390151"
153.94.36.223 - 0000759 [05/Oct/2020:10:33:34 -0800] "GET /themes/acme_com/img/screenshots/btn_close_hi.gif HTTP/1.1" 200 74 "http://www.acme.com/themes/acme_com/css/main.css" "Mozilla/5.0 (Windows; U; Windows NT 5.1; en-US; rv:1.8.1.11) Gecko/20071127 Firefox/2.0.0.11" "153.94.36.223.6087629394390177"
12.0.27.71 - 0000760 [05/Oct/2020:10:33:34 -0800] "GET /web_assets/images/products/contentModule/transparent.png HTTP/1.1" 200 209 "http://www.acme.com/" "Mozilla/5.0 (Windows; U; Windows NT 5.1; en-US; rv:1.8.1.11) Gecko/20071127 Firefox/2.0.0.11" "12.0.27.71.6087629394390180"
165.156.65.76 - 0000761 [05/Oct/2020:10:33:34 -0800] "GET /themes/acme_com/img/screenshots/panel_working_bg.gif HTTP/1.1" 200 - "http://www.acme.com/index.php/landing" "Mozilla/4.0 (compatible; MSIE 6.0; Windows NT 5.1; SV1; .NET CLR 1.1.4322)" "165.156.65.76.6087629394390203"
165.156.65.76 - 0000762 [05/Oct/2020:10:33:34 -0800] "GET /web_assets/images/icons/icon_video.gif HTTP/1.1" 200 318 "http://www.acme.com/index.php/landing" "Mozilla/4.0 (compatible; MSIE 6.0; Windows NT 5.1; SV1; .NET CLR 1.1.4322)" "165.156.65.76.6087629394390203"
14.171.249.143 - 0000763 [05/Oct/2020:10:33:34 -0800] "GET /themes/acme_com/img/skins/white/icon_podcast.gif HTTP/1.1" 200 609 "http://www.acme.com/index.php/landing" "Mozilla/5.0 (Windows; U; Windows NT 5.1; en-US; rv:1.8.1.10) Gecko/20071115 Firefox/2.0.0.10" "14.171.249.143.6087629394390216"
193.23.148.91 - 0000764 [05/Oct/2020:10:33:34 -0800] "GET /rearden.gif HTTP/1.1" 200 9538 "http://www.acme.com/" "Mozilla/5.0 (Macintosh; U; Intel Mac OS X; en-us) AppleWebKit/523.10.3 (KHTML, like Gecko) Version/3.0.4 Safari/523.10" "193.23.148.91.6087629394390124"
153.94.36.223 - 0000765 [05/Oct/2020:10:33:34 -0800] "GET /themes/acme_com/css/%22/themes/acme_com/img/screenshots/popup_bg.png%22 HTTP/1.1" 200 - "http://www.acme.com/themes/acme_com/css/main.css" "Mozilla/5.0 (Windows; U; Windows NT 5.1; en-US; rv:1.8.1.11) Gecko/20071127 Firefox/2.0.0.11" "153.94.36.223.6087629394390177"
109.145.226.110 - 0000766 [05/Oct/2020:10:33:34 -0800] "GET /img/skins/white/icon_podcast.gif HTTP/1.1" 200 9559 "http://www.acme.com/index.php/landing" "Mozilla/5.0 (X11; U; Linux i686; en-US; rv:1.8.1.11) Gecko/20071128 SeaMonkey/1.1.7" "109.145.226.110.6087629394390151"
193.23.148.91 - 0000767 [05/Oct/2020:10:33:34 -0800] "GET /web_assets/images/products/contentModule/pickerBg.png HTTP/1.1" 200 323 "http://www.acme.com/" "Mozilla/5.0 (Macintosh; U; Intel Mac OS X; en-us) AppleWebKit/523.10.3 (KHTML, like Gecko) Version/3.0.4 Safari/523.10" "193.23.148.91.6087629394390124"
78.117.95.89 - 0000768 [05/Oct/2020:10:33:34 -0800] "GET /osl.gif HTTP/1.1" 200 9534 "http://www.acme.com/" "Mozilla/4.0 (compatible; MSIE 7.0; Windows NT 5.1)" "78.117.95.89.6087629394390163"
14.171.249.143 - 0000769 [05/Oct/2020:10:33:34 -0800] "GET /themes/acme_com/img/skins/white/switcher_black.gif HTTP/1.1" 200 - "http://www.acme.com/index.php/landing" "Mozilla/5.0 (Windows; U; Windows NT 5.1; en-US; rv:1.8.1.10) Gecko/20071115 Firefox/2.0.0.10" "14.171.249.143.6087629394390216"
14.171.249.143 - 0000770 [05/Oct/2020:10:33:34 -0800] "GET /web_assets/images/icons/icon_video.gif HTTP/1.1" 200 - "http://www.acme.com/index.php/landing" "Mozilla/5.0 (Windows; U; Windows NT 5.1; en-US; rv:1.8.1.10) Gecko/20071115 Firefox/2.0.0.10" "14.171.249.143.6087629394390216"
14.171.249.143 - 0000771 [05/Oct/2020:10:33:34 -0800] "GET /themes/acme_com/img/bg_nav3.gif HTTP/1.1" 200 66 "http://www.acme.com/index.php/landing" "Mozilla/5.0 (Windows; U; Windows NT 5.1; en-US; rv:1.8.1.10) Gecko/20071115 Firefox/2.0.0.10" "14.171.249.143.6087629394390216"
25.17.68.220 - 0000772 [05/Oct/2020:10:33:35 -0800] "HEAD /web_assets/flash/runner/Index_IT_Sky_Rev2.swf HTTP/1.1" 200 - "http://slashdot.org/" "Mozilla/4.0 (compatible; MSIE 6.0; Windows NT 5.1; SV1; .NET CLR 2.0.50727)" "25.17.68.220.6087629394390239"
35.214.250.167 - 0000773 [05/Oct/2020:10:33:35 -0800] "HEAD /web_assets/flash/runner/Ethan_Leaderboard_01_a.swf HTTP/1.1" 200 - "http://www.linuxdevcenter.com/pub/q/UnixPower" "Mozilla/5.0 (Windows; U; Windows NT 5.1; en-US; rv:1.8.1.11) Gecko/20071127 Firefox/2.0.0.11" "35.214.250.167.6087629394390238"
14.171.249.143 - 0000774 [05/Oct/2020:10:33:35 -0800] "GET /themes/acme_com/scripts/sifr3/4292.swf HTTP/1.1" 200 7278 "http://www.acme.com/index.php/landing" "Mozilla/5.0 (Windows; U; Windows NT 5.1; en-US; rv:1.8.1.10) Gecko/20071115 Firefox/2.0.0.10" "14.171.249.143.6087629394390216"
177.215.188.27 - 0000775 [05/Oct/2020:10:33:35 -0800] "GET /themes/acme_com/img/skins/white/solutions/photos/solutions_availability.png HTTP/1.1" 200 - "http://www.acme.com/" "Mozilla/4.0 (compatible; MSIE 6.0; Windows NT 5.1; SV1)" "177.215.188.27.6087629394390062"
78.117.95.89 - 0000776 [05/Oct/2020:10:33:35 -0800] "GET /themes/acme_com/img/skins/white/icon_podcast.gif HTTP/1.1" 200 - "http://www.acme.com/" "Mozilla/4.0 (compatible; MSIE 7.0; Windows NT 5.1)" "78.117.95.89.6087629394390163"
14.171.249.143 - 0000777 [05/Oct/2020:10:33:35 -0800] "GET /themes/acme_com/scripts/sifr3/17519.swf HTTP/1.1" 200 7279 "http://www.acme.com/index.php/landing" "Mozilla/5.0 (Windows; U; Windows NT 5.1; en-US; rv:1.8.1.10) Gecko/20071115 Firefox/2.0.0.10" "14.171.249.143.6087629394390216"
110.75.193.204 - 0000778 [05/Oct/2020:10:33:35 -0800] "GET /logo_solaris.gif HTTP/1.1" 200 7254 "http://www.acme.com/index.php/landing" "Mozilla/5.0 (X11; U; Linux i686; en-US; rv:1.8.0.12) Gecko/20070530 Fedora/1.5.0.12-1.fc5 Firefox/1.5.0.12" "110.75.193.204.6087629394390093"
14.171.249.143 - 0000779 [05/Oct/2020:10:33:35 -0800] "GET /themes/acme_com/img/screenshots/btn_close.gif HTTP/1.1" 200 - "http://www.acme.com/index.php/landing" "Mozilla/5.0 (Windows; U; Windows NT 5.1; en-US; rv:1.8.1.10) Gecko/20071115 Firefox/2.0.0.10" "14.171.249.143.6087629394390216"
110.75.193.204 - 0000780 [05/Oct/2020:10:33:35 -0800] "GET /themes/acme_com/scripts/sifr3/25066.swf HTTP/1.1" 200 9567 "http://www.acme.com/index.php/landing" "Mozilla/5.0 (X11; U; Linux i686; en-US; rv:1.8.0.12) Gecko/20070530 Fedora/1.5.0.12-1.fc5 Firefox/1.5.0.12" "110.75.193.204.6087629394390093"
165.156.65.76 - 0000781 [05/Oct/2020:10:33:35 -0800] "GET /themes/acme_com/scripts/sifr3/1344.swf HTTP/1.1" 200 7279 "http://www.acme.com/index.php/landing" "Mozilla/4.0 (compatible; MSIE 6.0; Windows NT 5.1; SV1; .NET CLR 1.1.4322)" "165.156.65.76.6087629394390203"
165.156.65.76 - 0000782 [05/Oct/2020:10:33:35 -0800] "GET /themes/acme_com/scripts/sifr3/12816.swf HTTP/1.1" 200 9568 "http://www.acme.com/index.php/landing" "Mozilla/4.0 (compatible; MSIE 6.0; Windows NT 5.1; SV1; .NET CLR 1.1.4322)" "165.156.65.76.6087629394390203"
14.171.249.143 - 0000783 [05/Oct/2020:10:33:35 -0800] "GET /images/nav_on_bg.png HTTP/1.1" 200 186 "http://www.acme.com/index.php/landing" "Mozilla/5.0 (Windows; U; Windows NT 5.1; en-US; rv:1.8.1.10) Gecko/20071115 Firefox/2.0.0.10" "14.171.249.143.6087629394390216"
165.156.65.76 - 0000784 [05/Oct/2020:10:33:35 -0800] "GET /themes/acme_com/scripts/sifr3/1652.swf HTTP/1.1" 200 7278 "http://www.acme.com/index.php/landing" "Mozilla/4.0 (compatible; MSIE 6.0; Windows NT 5.1; SV1; .NET CLR 1.1.4322)" "165.156.65.76.6087629394390203"
14.171.249.143 - 0000785 [05/Oct/2020:10:33:35 -0800] "GET /themes/acme_com/img/skins/white/bg_header.gif HTTP/1.1" 200 551 "http://www.acme.com/index.php/landing" "Mozilla/5.0 (Windows; U; Windows NT 5.1; en-US; rv:1.8.1.10) Gecko/20071115 Firefox/2.0.0.10" "14.171.249.143.6087629394390216"
165.156.65.76 - 0000786 [05/Oct/2020:10:33:35 -0800] "GET /themes/acme_com/scripts/sifr3/534.swf HTTP/1.1" 200 7278 "http://www.acme.com/index.php/landing" "Mozilla/4.0 (compatible; MSIE 6.0; Windows NT 5.1; SV1; .NET CLR 1.1.4322)" "165.156.65.76.6087629394390203"
165.156.65.76 - 0000787 [05/Oct/2020:10:33:35 -0800] "GET /img/skins/white/bg_header.gif HTTP/1.1" 200 9556 "http://www.acme.com/index.php/landing" "Mozilla/4.0 (compatible; MSIE 6.0; Windows NT 5.1; SV1; .NET CLR 1.1.4322)" "165.156.65.76.6087629394390203"
165.156.65.76 - 0000788 [05/Oct/2020:10:33:35 -0800] "GET /themes/acme_com/scripts/sifr3/29560.swf HTTP/1.1" 200 9568 "http://www.acme.com/index.php/landing" "Mozilla/4.0 (compatible; MSIE 6.0; Windows NT 5.1; SV1; .NET CLR 1.1.4322)" "165.156.65.76.6087629394390203"
109.145.226.110 - 0000789 [05/Oct/2020:10:33:35 -0800] "GET /trans.gif HTTP/1.1" 200 - "http://www.acme.com/index.php/landing" "Mozilla/5.0 (X11; U; Linux i686; en-US; rv:1.8.1.11) Gecko/20071128 SeaMonkey/1.1.7" "109.145.226.110.6087629394390151"
181.243.35.208 - 0000790 [05/Oct/2020:10:33:36 -0800] "GET /web_assets/flash/runner/Ethan_Leaderboard_01_a.swf HTTP/1.1" 200 24659 "http://www.acme.com/index.php/landing?ac=ostg-cpd" "Mozilla/4.0 (compatible; MSIE 6.0; Windows NT 5.0; .NET CLR 1.1.4322; .NET CLR 2.0.50727)" "181.243.35.208.6087629394390241"
115.72.84.7 - 0000791 [05/Oct/2020:10:33:36 -0800] "GET /web_assets/flash/runner/Leaderboard2_v04.swf HTTP/1.1" 200 107428 "http://sourceforge.net/project/showfiles.php?group_id=201856" "Mozilla/4.0 (compatible; MSIE 7.0; Windows NT 5.1; .NET CLR 2.0.50727)" "115.72.84.7.6087629394390245"
172.104.108.140 - 0000792 [05/Oct/2020:10:33:36 -0800] "GET /web_assets/flash/runner/Ethan_Skyscraper_01.swf HTTP/1.1" 200 38356 "http://slashdot.org/pollBooth.pl?qid=1495&aid=-1" "Mozilla/5.0 (Windows; U; Windows NT 5.1; en-US; rv:1.8.1.10) Gecko/20071115 Firefox/2.0.0.10" "172.104.108.140.6087629394390244"
158.173.157.139 - 0000793 [05/Oct/2020:10:33:36 -0800] "HEAD /web_assets/flash/runner/Ethan_Leaderboard_01_a.swf HTTP/1.1" 200 - "http://www.acme.com/index.php/landing?ac=ostg-cpd" "Mozilla/5.0 (Windows; U; Windows NT 5.1; en-US; rv:1.8.1.11) Gecko/20071127 Firefox/2.0.0.11" "158.173.157.139.6087629394390243"
199.112.142.200 - 0000794 [05/Oct/2020:10:33:36 -0800] "GET /themes/acme_com/scripts/sifr3/myriad_pro_semibold-8.swf HTTP/1.1" 200 33636 "http://www.acme.com/" "Mozilla/5.0 (X11; U; Linux i686 (x86_64); en-US; rv:1.8.1.10) Gecko/20071015 SUSE/2.0.0.10-0.2 Firefox/2.0.0.10" "199.112.142.200.6087629394390246"
245.240.52.76 - 0000795 [05/Oct/2020:10:33:36 -0800] "HEAD /web_assets/flash/runner/Ethan_Skyscraper_01.swf HTTP/1.1" 200 - "http://sourceforge.net/project/showfiles.php?group_id=73357&package_id=227224" "Mozilla/5.0 (X11; U; Linux i686; en-US; rv:1.8.1.8) Gecko/20071004 Iceweasel/2.0.0.8 (Debian-2.0.0.8-1)" "245.240.52.76.6087629394390242"
67.233.163.236 - 0000796 [05/Oct/2020:10:33:36 -0800] "HEAD /cave/narc.php HTTP/1.1" 200 - "http://www.acme.com/index.php/landing?ac=ostg-cpd" "contype" "67.233.163.236.6087629394390240"
78.117.95.89 - 0000797 [05/Oct/2020:10:33:36 -0800] "GET /web_assets/images/products/contentModule/index_IT_paused.png HTTP/1.1" 200 - "http://www.acme.com/" "Mozilla/4.0 (compatible; MSIE 7.0; Windows NT 5.1)" "78.117.95.89.6087629394390163"
14.171.249.143 - 0000798 [05/Oct/2020:10:33:36 -0800] "GET /img/bg_grid.gif HTTP/1.1" 200 9542 "http://www.acme.com/index.php/landing" "Mozilla/5.0 (Windows; U; Windows NT 5.1; en-US; rv:1.8.1.10) Gecko/20071115 Firefox/2.0.0.10" "14.171.249.143.6087629394390216"
165.156.65.76 - 0000799 [05/Oct/2020:10:33:36 -0800] "GET /img/skins/white/mantras/mantra_5.gif HTTP/1.1" 200 9563 "http://www.acme.com/index.php/landing" "Mozilla/4.0 (compatible; MSIE 6.0; Windows NT 5.1; SV1; .NET CLR 1.1.4322)" "165.156.65.76.6087629394390203"
177.215.188.27 - 0000800 [05/Oct/2020:10:33:36 -0800] "GET /themes/acme_com/img/skins/white/solutions/photos/solutions_bi.png HTTP/1.1" 200 - "http://www.acme.com/" "Mozilla/4.0 (compatible; MSIE 6.0; Windows NT 5.1; SV1)" "177.215.188.27.6087629394390062"
14.171.249.143 - 0000801 [05/Oct/2020:10:33:36 -0800] "GET /web_assets/images/icons/icon_pdf.gif HTTP/1.1" 200 - "http://www.acme.com/index.php/landing" "Mozilla/5.0 (Windows; U; Windows NT 5.1; en-US; rv:1.8.1.10) Gecko/20071115 Firefox/2.0.0.10" "14.171.249.143.6087629394390216"
165.156.65.76 - 0000802 [05/Oct/2020:10:33:36 -0800] "GET /themes/acme_com/scripts/sifr3/12369.swf HTTP/1.1" 200 9568 "http://www.acme.com/index.php/landing" "Mozilla/4.0 (compatible; MSIE 6.0; Windows NT 5.1; SV1; .NET CLR 1.1.4322)" "165.156.65.76.6087629394390203"
110.75.193.204 - 0000803 [05/Oct/2020:10:33:36 -0800] "GET /windows-logo.jpg HTTP/1.1" 200 - "http://www.acme.com/index.php/landing" "Mozilla/5.0 (X11; U; Linux i686; en-US; rv:1.8.0.12) Gecko/20070530 Fedora/1.5.0.12-1.fc5 Firefox/1.5.0.12" "110.75.193.204.6087629394390093"
14.171.249.143 - 0000804 [05/Oct/2020:10:33:36 -0800] "GET /themes/acme_com/scripts/sifr3/29271.swf HTTP/1.1" 200 - "http://www.acme.com/index.php/landing" "Mozilla/5.0 (Windows; U; Windows NT 5.1; en-US; rv:1.8.1.10) Gecko/20071115 Firefox/2.0.0.10" "14.171.249.143.6087629394390216"
14.171.249.143 - 0000805 [05/Oct/2020:10:33:36 -0800] "GET /themes/acme_com/scripts/sifr3/28997.swf HTTP/1.1" 200 - "http://www.acme.com/index.php/landing" "Mozilla/5.0 (Windows; U; Windows NT 5.1; en-US; rv:1.8.1.10) Gecko/20071115 Firefox/2.0.0.10" "14.171.249.143.6087629394390216"
165.156.65.76 - 0000806 [05/Oct/2020:10:33:36 -0800] "GET /themes/acme_com/scripts/sifr3/10854.swf HTTP/1.1" 200 9568 "http://www.acme.com/index.php/landing" "Mozilla/4.0 (compatible; MSIE 6.0; Windows NT 5.1; SV1; .NET CLR 1.1.4322)" "165.156.65.76.6087629394390203"
10.83.126.4 - 0000807 [05/Oct/2020:10:33:37 -0800] "HEAD /web_assets/flash/runner/Ethan_Leaderboard_01_a.swf HTTP/1.1" 200 - "http://yro.slashdot.org/article.pl?sid=07/01/19/2237230" "Mozilla/4.0 (compatible; MSIE 6.0; Windows NT 5.1; SV1; EmbeddedWB 14,52 from: http://www.bsalsa.com/ Embedded Web Browser from: http://bsalsa.com/; .NET CLR 2.0.50727)" "10.83.126.4.6087629394390248"
146.9.17.215 - 0000808 [05/Oct/2020:10:33:37 -0800] "GET /web_assets/flash/runner/Leaderboard2_v04.swf HTTP/1.1" 200 107428 "http://www.acme.com/index.php/landing?ac=ostg-cpd" "Mozilla/5.0 (Windows; U; Windows NT 5.1; de; rv:1.8.0.12) Gecko/20070508 Firefox/1.5.0.12" "146.9.17.215.6087629394390247"
140.113.152.237 - 0000809 [05/Oct/2020:10:33:37 -0800] "GET / HTTP/1.1" 200 26067 "http://www.acme.com/index.php/landing?ac=ostg-cpd" "Opera/9.24 (Windows NT 5.1; U; en)" "140.113.152.237.6087629394390249"
140.113.152.237 - 0000810 [05/Oct/2020:10:33:37 -0800] "GET /web_assets/images/products/contentModule/blank.gif HTTP/1.1" 200 49 "http://www.acme.com/" "Opera/9.24 (Windows NT 5.1; U; en)" "140.113.152.237.6087629394390249"
109.145.226.110 - 0000811 [05/Oct/2020:10:33:37 -0800] "GET /themes/acme_com/scripts/sifr3/32147.swf HTTP/1.1" 200 - "http://www.acme.com/index.php/landing" "Mozilla/5.0 (X11; U; Linux i686; en-US; rv:1.8.1.11) Gecko/20071128 SeaMonkey/1.1.7" "109.145.226.110.6087629394390151"
12.0.27.71 - 0000812 [05/Oct/2020:10:33:37 -0800] "GET /external.png HTTP/1.1" 200 - "http://www.acme.com/" "Mozilla/5.0 (Windows; U; Windows NT 5.1; en-US; rv:1.8.1.11) Gecko/20071127 Firefox/2.0.0.11" "12.0.27.71.6087629394390180"
14.171.249.143 - 0000813 [05/Oct/2020:10:33:37 -0800] "GET /img/skins/white/mantras/mantra_5.gif HTTP/1.1" 200 9563 "http://www.acme.com/index.php/landing" "Mozilla/5.0 (Windows; U; Windows NT 5.1; en-US; rv:1.8.1.10) Gecko/20071115 Firefox/2.0.0.10" "14.171.249.143.6087629394390216"
165.156.65.76 - 0000814 [05/Oct/2020:10:33:37 -0800] "GET /themes/acme_com/scripts/sifr3/4976.swf HTTP/1.1" 200 - "http://www.acme.com/index.php/landing" "Mozilla/4.0 (compatible; MSIE 6.0; Windows NT 5.1; SV1; .NET CLR 1.1.4322)" "165.156.65.76.6087629394390203"
109.145.226.110 - 0000815 [05/Oct/2020:10:33:37 -0800] "GET /themes/acme_com/scripts/sifr3/13273.swf HTTP/1.1" 200 - "http://www.acme.com/index.php/landing" "Mozilla/5.0 (X11; U; Linux i686; en-US; rv:1.8.1.11) Gecko/20071128 SeaMonkey/1.1.7" "109.145.226.110.6087629394390151"
177.215.188.27 - 0000816 [05/Oct/2020:10:33:37 -0800] "GET /themes/acme_com/img/skins/white/logos/downloads/logo_linux.gif HTTP/1.1" 200 888 "http://www.acme.com/" "Mozilla/4.0 (compatible; MSIE 6.0; Windows NT 5.1; SV1)" "177.215.188.27.6087629394390062"
14.171.249.143 - 0000817 [05/Oct/2020:10:33:37 -0800] "GET /themes/acme_com/scripts/sifr3/29560.swf HTTP/1.1" 200 9568 "http://www.acme.com/index.php/landing" "Mozilla/5.0 (Windows; U; Windows NT 5.1; en-US; rv:1.8.1.10) Gecko/20071115 Firefox/2.0.0.10" "14.171.249.143.6087629394390216"
165.156.65.76 - 0000818 [05/Oct/2020:10:33:37 -0800] "GET /img/skins/white/searchfield_bg.gif HTTP/1.1" 302 - "http://www.acme.com/index.php/landing" "Mozilla/4.0 (compatible; MSIE 6.0; Windows NT 5.1; SV1; .NET CLR 1.1.4322)" "165.156.65.76.6087629394390203"
14.171.249.143 - 0000819 [05/Oct/2020:10:33:37 -0800] "GET /themes/acme_com/scripts/sifr3/14270.swf HTTP/1.1" 200 - "http://www.acme.com/index.php/landing" "Mozilla/5.0 (Windows; U; Windows NT 5.1; en-US; rv:1.8.1.10) Gecko/20071115 Firefox/2.0.0.10" "14.171.249.143.6087629394390216"
14.171.249.143 - 0000820 [05/Oct/2020:10:33:37 -0800] "GET /img/skins/white/icon_podcast.gif HTTP/1.1" 200 9559 "http://www.acme.com/index.php/landing" "Mozilla/5.0 (Windows; U; Windows NT 5.1; en-US; rv:1.8.1.10) Gecko/20071115 Firefox/2.0.0.10" "14.171.249.143.6087629394390216"
165.156.65.76 - 0000821 [05/Oct/2020:10:33:37 -0800] "GET /img/skins/white/mantras/mantra_6.gif HTTP/1.1" 200 9563 "http://www.acme.com/index.php/landing" "Mozilla/4.0 (compatible; MSIE 6.0; Windows NT 5.1; SV1; .NET CLR 1.1.4322)" "165.156.65.76.6087629394390203"
140.113.152.237 - 0000822 [05/Oct/2020:10:33:37 -0800] "GET /themes/acme_com/scripts/js/+sfgRmluamFuX1R5cGU9amF2YV9zY3JpcHQmRmluamFuX0xhbmc9dGV4dC9qYXZhc2NyaXB0+/flash_tml_min.js HTTP/1.1" 200 9649 "http://www.acme.com/" "Opera/9.24 (Windows NT 5.1; U; en)" "140.113.152.237.6087629394390249"
193.23.148.91 - 0000823 [05/Oct/2020:10:33:37 -0800] "GET /themes/acme_com/img/skins/white/solutions/photos/solutions_security.png HTTP/1.1" 200 26300 "http://www.acme.com/" "Mozilla/5.0 (Macintosh; U; Intel Mac OS X; en-us) AppleWebKit/523.10.3 (KHTML, like Gecko) Version/3.0.4 Safari/523.10" "193.23.148.91.6087629394390124"
74.230.200.224 - 0000824 [05/Oct/2020:10:33:37 -0800] "GET /static/css/acmebase.css HTTP/1.1" 200 9552 "http://www.acme.com/index.php/sso_checker" "Mozilla/5.0 (Windows NT 5.2; U; en; rv:1.8.0) Gecko/20060728 Firefox/1.5.0 Opera 9.25" "74.230.200.224.6087629394390193"
140.113.152.237 - 0000825 [05/Oct/2020:10:33:37 -0800] "GET /etc/+sfgRmluamFuX1R5cGU9amF2YV9zY3JpcHQmRmluamFuX0xhbmc9dGV4dC9qYXZhc2NyaXB0+/prototype.js HTTP/1.1" 200 9620 "http://www.acme.com/" "Opera/9.24 (Windows NT 5.1; U; en)" "140.113.152.237.6087629394390249"
12.0.27.71 - 0000826 [05/Oct/2020:10:33:37 -0800] "GET /themes/acme_com/img/skins/white/icon_podcast.gif HTTP/1.1" 200 609 "http://www.acme.com/" "Mozilla/5.0 (Windows; U; Windows NT 5.1; en-US; rv:1.8.1.11) Gecko/20071127 Firefox/2.0.0.11" "12.0.27.71.6087629394390180"
140.113.152.237 - 0000827 [05/Oct/2020:10:33:37 -0800] "GET /img/bg_grid.gif HTTP/1.1" 200 - "http://www.acme.com/" "Opera/9.24 (Windows NT 5.1; U; en)" "140.113.152.237.6087629394390249"
80.173.235.159 - 0000828 [05/Oct/2020:10:33:38 -0800] "HEAD /web_assets/flash/runner/DJ_01a_Juniper_Leaderboard.swf HTTP/1.1" 200 - "-" "Mozilla/4.0 (compatible; MSIE 6.0; Windows NT 5.1; SV1; .NET CLR 1.1.4322; .NET CLR 2.0.50727)" "80.173.235.159.6087629394390250"
88.228.7.0 - 0000829 [05/Oct/2020:10:33:38 -0800] "GET /web_assets/flash/runner/Letterboard_A_1.swf HTTP/1.1" 200 14140 "http://www.oreillynet.com/onlamp/blog/2003/11/unlocking_your_nokia_phone.html" "Mozilla/5.0 (Windows; U; Windows NT 5.1; fr; rv:1.8.1.11) Gecko/20071127 Firefox/2.0.0.11" "88.228.7.0.6087629394390251"
140.113.152.237 - 0000830 [05/Oct/2020:10:33:38 -0800] "GET /themes/acme_com/scripts/sifr3/+sfgRmluamFuX1R5cGU9amF2YV9zY3JpcHQmRmluamFuX0xhbmc9dGV4dC9qYXZhc2NyaXB0+/sifr.js HTTP/1.1" 200 9643 "http://www.acme.com/" "Opera/9.24 (Windows NT 5.1; U; en)" "140.113.152.237.6087629394390249"
165.156.65.76 - 0000831 [05/Oct/2020:10:33:38 -0800] "GET /themes/acme_com/img/screenshots/popup_bg.png HTTP/1.1" 200 2487 "http://www.acme.com/index.php/landing" "Mozilla/4.0 (compatible; MSIE 6.0; Windows NT 5.1; SV1; .NET CLR 1.1.4322)" "165.156.65.76.6087629394390203"
140.113.152.237 - 0000832 [05/Oct/2020:10:33:38 -0800] "GET /themes/acme_com/scripts/js/+sfgRmluamFuX1R5cGU9amF2YV9zY3JpcHQmRmluamFuX0xhbmc9dGV4dC9qYXZhc2NyaXB0+/flash_detect_min.js HTTP/1.1" 304 - "http://www.acme.com/" "Opera/9.24 (Windows NT 5.1; U; en)" "140.113.152.237.6087629394390249"
165.156.65.76 - 0000833 [05/Oct/2020:10:33:38 -0800] "GET /themes/acme_com/img/skins/white/nav.gif HTTP/1.1" 200 5945 "http://www.acme.com/index.php/landing" "Mozilla/4.0 (compatible; MSIE 6.0; Windows NT 5.1; SV1; .NET CLR 1.1.4322)" "165.156.65.76.6087629394390203"
165.156.65.76 - 0000834 [05/Oct/2020:10:33:38 -0800] "GET /img/skins/white/switcher_black.gif HTTP/1.1" 200 9561 "http://www.acme.com/index.php/landing" "Mozilla/4.0 (compatible; MSIE 6.0; Windows NT 5.1; SV1; .NET CLR 1.1.4322)" "165.156.65.76.6087629394390203"
165.156.65.76 - 0000835 [05/Oct/2020:10:33:38 -0800] "GET /themes/acme_com/scripts/sifr3/31700.swf HTTP/1.1" 200 9568 "http://www.acme.com/index.php/landing" "Mozilla/4.0 (compatible; MSIE 6.0; Windows NT 5.1; SV1; .NET CLR 1.1.4322)" "165.156.65.76.6087629394390203"
14.171.249.143 - 0000836 [05/Oct/2020:10:33:38 -0800] "GET /themes/acme_com/img/screenshots/popup_bg.png HTTP/1.1" 200 2487 "http://www.acme.com/index.php/landing" "Mozilla/5.0 (Windows; U; Windows NT 5.1; en-US; rv:1.8.1.10) Gecko/20071115 Firefox/2.0.0.10" "14.171.249.143.6087629394390216"
140.113.152.237 - 0000837 [05/Oct/2020:10:33:38 -0800] "GET /img/skins/white/num_03.gif HTTP/1.1" 200 - "http://www.acme.com/" "Opera/9.24 (Windows NT 5.1; U; en)" "140.113.152.237.6087629394390249"
165.156.65.76 - 0000838 [05/Oct/2020:10:33:38 -0800] "GET /themes/acme_com/scripts/sifr3/23965.swf HTTP/1.1" 200 - "http://www.acme.com/index.php/landing" "Mozilla/4.0 (compatible; MSIE 6.0; Windows NT 5.1; SV1; .NET CLR 1.1.4322)" "165.156.65.76.6087629394390203"
14.171.249.143 - 0000839 [05/Oct/2020:10:33:38 -0800] "GET /themes/acme_com/scripts/sifr3/12369.swf HTTP/1.1" 200 9568 "http://www.acme.com/index.php/landing" "Mozilla/5.0 (Windows; U; Windows NT 5.1; en-US; rv:1.8.1.10) Gecko/20071115 Firefox/2.0.0.10" "14.171.249.143.6087629394390216"
14.171.249.143 - 0000840 [05/Oct/2020:10:33:38 -0800] "GET /themes/acme_com/scripts/sifr3/1652.swf HTTP/1.1" 200 7278 "http://www.acme.com/index.php/landing" "Mozilla/5.0 (Windows; U; Windows NT 5.1; en-US; rv:1.8.1.10) Gecko/20071115 Firefox/2.0.0.10" "14.171.249.143.6087629394390216"
12.0.27.71 - 0000841 [05/Oct/2020:10:33:38 -0800] "GET /modules/base/xarimages/exception.jpg HTTP/1.1" 200 5025 "http://www.acme.com/" "Mozilla/5.0 (Windows; U; Windows NT 5.1; en-US; rv:1.8.1.11) Gecko/20071127 Firefox/2.0.0.11" "12.0.27.71.6087629394390180"
74.230.200.224 - 0000842 [05/Oct/2020:10:33:38 -0800] "GET /static/images/base/m_acmeLogo.gif HTTP/1.1" 200 - "http://www.acme.com/index.php/sso_checker" "Mozilla/5.0 (Windows NT 5.2; U; en; rv:1.8.0) Gecko/20060728 Firefox/1.5.0 Opera 9.25" "74.230.200.224.6087629394390193"
140.113.152.237 - 0000843 [05/Oct/2020:10:33:38 -0800] "GET /img/skins/white/num_04.gif HTTP/1.1" 200 - "http://www.acme.com/" "Opera/9.24 (Windows NT 5.1; U; en)" "140.113.152.237.6087629394390249"
12.0.27.71 - 0000844 [05/Oct/2020:10:33:38 -0800] "GET /web_assets/images/products/contentModule/index_IT_paused.png HTTP/1.1" 200 21615 "http://www.acme.com/" "Mozilla/5.0 (Windows; U; Windows NT 5.1; en-US; rv:1.8.1.11) Gecko/20071127 Firefox/2.0.0.11" "12.0.27.71.6087629394390180"
140.113.152.237 - 0000845 [05/Oct/2020:10:33:38 -0800] "GET /img/skins/white/mantras/mantra_4.gif HTTP/1.1" 200 9563 "http://www.acme.com/" "Opera/9.24 (Windows NT 5.1; U; en)" "140.113.152.237.6087629394390249"
140.113.152.237 - 0000846 [05/Oct/2020:10:33:38 -0800] "GET /themes/acme_com/img/screenshots/btn_close_hi.gif HTTP/1.1" 200 74 "http://www.acme.com/" "Opera/9.24 (Windows NT 5.1; U; en)" "140.113.152.237.6087629394390249"
134.149.101.222 - 0000847 [05/Oct/2020:10:33:39 -0800] "HEAD /themes/acme_com/scripts/sifr3/sifr.js HTTP/1.1" 200 - "http://sourceforge.net/project/showfiles.php?group_id=57740" "Mozilla/4.0 (compatible; MSIE 6.0; Windows NT 5.1; SV1; .NET CLR 1.1.4322; .NET CLR 2.0.50727)" "134.149.101.222.6087629394390252"
171.36.252.129 - 0000848 [05/Oct/2020:10:33:39 -0800] "HEAD /web_assets/flash/runner/Letterboard_A_1.swf HTTP/1.1" 200 - "-" "Mozilla/5.0 (Macintosh; U; Intel Mac OS X; en) AppleWebKit/522.11.1 (KHTML, like Gecko) Version/3.0.3 Safari/522.12.1" "171.36.252.129.6087629394390255"
198.174.31.38 - 0000849 [05/Oct/2020:10:33:39 -0800] "GET /index.php/landing HTTP/1.1" 200 11403 "http://slashdot.org/" "Mozilla/5.0 (Macintosh; U; PPC Mac OS X; en) AppleWebKit/522.11.1 (KHTML, like Gecko) Version/3.0.3 Safari/522.12.1" "198.174.31.38.6087629394390254"
198.174.31.38 - 0000850 [05/Oct/2020:10:33:39 -0800] "GET /themes/acme_com/scripts/sifr3/4715.swf HTTP/1.1" 200 9566 "http://www.acme.com/index.php/landing" "Mozilla/5.0 (Macintosh; U; PPC Mac OS X; en) AppleWebKit/522.11.1 (KHTML, like Gecko) Version/3.0.3 Safari/522.12.1" "198.174.31.38.6087629394390254"
198.174.31.38 - 0000851 [05/Oct/2020:10:33:39 -0800] "GET /themes/acme_com/scripts/sifr3/5290.swf HTTP/1.1" 200 9566 "http://www.acme.com/index.php/landing" "Mozilla/5.0 (Macintosh; U; PPC Mac OS X; en) AppleWebKit/522.11.1 (KHTML, like Gecko) Version/3.0.3 Safari/522.12.1" "198.174.31.38.6087629394390254"
133.144.120.7 - 0000852 [05/Oct/2020:10:33:39 -0800] "GET /web_assets/flash/runner/Leaderboard1_v04.swf HTTP/1.1" 200 - "http://slashdot.org/article.pl?sid=07/12/16/229238&from=rss" "Mozilla/5.0 (Windows; U; Windows NT 5.1; en-US; rv:1.8.1.11) Gecko/20071127 Firefox/2.0.0.11" "133.144.120.7.6087629394390253"
165.156.65.76 - 0000853 [05/Oct/2020:10:33:39 -0800] "GET /index.php/kwargs.css HTTP/1.1" 200 7273 "http://www.acme.com/index.php/landing" "Mozilla/4.0 (compatible; MSIE 6.0; Windows NT 5.1; SV1; .NET CLR 1.1.4322)" "165.156.65.76.6087629394390203"
14.171.249.143 - 0000854 [05/Oct/2020:10:33:39 -0800] "GET /themes/acme_com/scripts/sifr3/1344.swf HTTP/1.1" 200 7279 "http://www.acme.com/index.php/landing" "Mozilla/5.0 (Windows; U; Windows NT 5.1; en-US; rv:1.8.1.10) Gecko/20071115 Firefox/2.0.0.10" "14.171.249.143.6087629394390216"
193.23.148.91 - 0000855 [05/Oct/2020:10:33:39 -0800] "GET /themes/acme_com/img/skins/white/btn/btn_download.gif HTTP/1.1" 200 - "http://www.acme.com/" "Mozilla/5.0 (Macintosh; U; Intel Mac OS X; en-us) AppleWebKit/523.10.3 (KHTML, like Gecko) Version/3.0.4 Safari/523.10" "193.23.148.91.6087629394390124"
12.0.27.71 - 0000856 [05/Oct/2020:10:33:39 -0800] "GET /web_assets/video/2007/product_demos/GettingStarted_Ver_01.flv HTTP/1.1" 200 23482014 "http://www.acme.com/" "Mozilla/5.0 (Windows; U; Windows NT 5.1; en-US; rv:1.8.1.11) Gecko/20071127 Firefox/2.0.0.11" "12.0.27.71.6087629394390180"
12.0.27.71 - 0000857 [05/Oct/2020:10:33:39 -0800] "GET /themes/acme_com/img/skins/white/solutions/photos/solutions_availability.png HTTP/1.1" 200 25596 "http://www.acme.com/" "Mozilla/5.0 (Windows; U; Windows NT 5.1; en-US; rv:1.8.1.11) Gecko/20071127 Firefox/2.0.0.11" "12.0.27.71.6087629394390180"
109.145.226.110 - 0000858 [05/Oct/2020:10:33:39 -0800] "GET /themes/acme_com/scripts/sifr3/215.swf HTTP/1.1" 200 9566 "http://www.acme.com/index.php/landing" "Mozilla/5.0 (X11; U; Linux i686; en-US; rv:1.8.1.11) Gecko/20071128 SeaMonkey/1.1.7" "109.145.226.110.6087629394390151"
140.113.152.237 - 0000859 [05/Oct/2020:10:33:39 -0800] "GET /themes/acme_com/img/skins/white/store/step1.gif HTTP/1.1" 200 3187 "http://www.acme.com/" "Opera/9.24 (Windows NT 5.1; U; en)" "140.113.152.237.6087629394390249"
14.171.249.143 - 0000860 [05/Oct/2020:10:33:39 -0800] "GET /themes/acme_com/scripts/sifr3/12816.swf HTTP/1.1" 200 - "http://www.acme.com/index.php/landing" "Mozilla/5.0 (Windows; U; Windows NT 5.1; en-US; rv:1.8.1.10) Gecko/20071115 Firefox/2.0.0.10" "14.171.249.143.6087629394390216"
14.171.249.143 - 0000861 [05/Oct/2020:10:33:39 -0800] "GET /img/skins/white/searchfield_bg.gif HTTP/1.1" 200 9561 "http://www.acme.com/index.php/landing" "Mozilla/5.0 (Windows; U; Windows NT 5.1; en-US; rv:1.8.1.10) Gecko/20071115 Firefox/2.0.0.10" "14.171.249.143.6087629394390216"
78.117.95.89 - 0000862 [05/Oct/2020:10:33:39 -0800] "GET /erik_100.jpg HTTP/1.1" 200 9539 "http://www.acme.com/" "Mozilla/4.0 (compatible; MSIE 7.0; Windows NT 5.1)" "78.117.95.89.6087629394390163"
140.113.152.237 - 0000863 [05/Oct/2020:10:33:39 -0800] "GET /images/bullet_image.gif HTTP/1.1" 200 60 "http://www.acme.com/" "Opera/9.24 (Windows NT 5.1; U; en)" "140.113.152.237.6087629394390249"
14.171.249.143 - 0000864 [05/Oct/2020:10:33:39 -0800] "GET /themes/acme_com/img/skins/white/nav.gif HTTP/1.1" 200 5945 "http://www.acme.com/index.php/landing" "Mozilla/5.0 (Windows; U; Windows NT 5.1; en-US; rv:1.8.1.10) Gecko/20071115 Firefox/2.0.0.10" "14.171.249.143.6087629394390216"
14.171.249.143 - 0000865 [05/Oct/2020:10:33:39 -0800] "GET /themes/acme_com/scripts/sifr3/534.swf HTTP/1.1" 200 7278 "http://www.acme.com/index.php/landing" "Mozilla/5.0 (Windows; U; Windows NT 5.1; en-US; rv:1.8.1.10) Gecko/20071115 Firefox/2.0.0.10" "14.171.249.143.6087629394390216"
140.113.152.237 - 0000866 [05/Oct/2020:10:33:39 -0800] "GET /web_assets/images/products/contentModule/scale_IT.png HTTP/1.1" 200 - "http://www.acme.com/" "Opera/9.24 (Windows NT 5.1; U; en)" "140.113.152.237.6087629394390249"
165.156.65.76 - 0000867 [05/Oct/2020:10:33:39 -0800] "GET /themes/acme_com/scripts/sifr3/315.swf HTTP/1.1" 200 9566 "http://www.acme.com/index.php/landing" "Mozilla/4.0 (compatible; MSIE 6.0; Windows NT 5.1; SV1; .NET CLR 1.1.4322)" "165.156.65.76.6087629394390203"
14.171.249.143 - 0000868 [05/Oct/2020:10:33:39 -0800] "GET /img/skins/white/bg_header.gif HTTP/1.1" 200 9556 "http://www.acme.com/index.php/landing" "Mozilla/5.0 (Windows; U; Windows NT 5.1; en-US; rv:1.8.1.10) Gecko/20071115 Firefox/2.0.0.10" "14.171.249.143.6087629394390216"
140.113.152.237 - 0000869 [05/Oct/2020:10:33:39 -0800] "GET /themes/acme_com/img/icon_checkbox.gif HTTP/1.1" 200 303 "http://www.acme.com/" "Opera/9.24 (Windows NT 5.1; U; en)" "140.113.152.237.6087629394390249"
198.174.31.38 - 0000870 [05/Oct/2020:10:33:39 -0800] "GET /themes/acme_com/scripts/sifr3/27017.swf HTTP/1.1" 200 7279 "http://www.acme.com/index.php/landing" "Mozilla/5.0 (Macintosh; U; PPC Mac OS X; en) AppleWebKit/522.11.1 (KHTML, like Gecko) Version/3.0.3 Safari/522.12.1" "198.174.31.38.6087629394390254"
140.113.152.237 - 0000871 [05/Oct/2020:10:33:39 -0800] "GET /img/skins/white/mantras/mantra_8.gif HTTP/1.1" 200 9563 "http://www.acme.com/" "Opera/9.24 (Windows NT 5.1; U; en)" "140.113.152.237.6087629394390249"
140.113.152.237 - 0000872 [05/Oct/2020:10:33:39 -0800] "GET /themes/acme_com/scripts/js/+sfgRmluamFuX1R5cGU9amF2YV9zY3JpcHQmRmluamFuX0xhbmc9dGV4dC9qYXZhc2NyaXB0+/default_text.js HTTP/1.1" 200 9648 "http://www.acme.com/" "Opera/9.24 (Windows NT 5.1; U; en)" "140.113.152.237.6087629394390249"
198.174.31.38 - 0000873 [05/Oct/2020:10:33:39 -0800] "GET /img/bg_nav3.gif HTTP/1.1" 200 9542 "http://www.acme.com/index.php/landing" "Mozilla/5.0 (Macintosh; U; PPC Mac OS X; en) AppleWebKit/522.11.1 (KHTML, like Gecko) Version/3.0.3 Safari/522.12.1" "198.174.31.38.6087629394390254"
14.171.249.143 - 0000874 [05/Oct/2020:10:33:39 -0800] "GET /img/skins/white/bg_photoLeft_home.gif HTTP/1.1" 302 - "http://www.acme.com/index.php/landing" "Mozilla/5.0 (Windows; U; Windows NT 5.1; en-US; rv:1.8.1.10) Gecko/20071115 Firefox/2.0.0.10" "14.171.249.143.6087629394390216"
